[      57ms] [LOG] [Fast Refresh] done in 31ms @ http://localhost:3000/_next/static/chunks/node_modules_next_dist_1e8vcs8._.js:776
[     385ms] [INFO] %cDownload the React DevTools for a better development experience: https://react.dev/link/react-devtools font-weight:bold @ http://localhost:3000/_next/static/chunks/node_modules_next_dist_1e8vcs8._.js:776
[     465ms] [LOG] [HMR] connected @ http://localhost:3000/_next/static/chunks/node_modules_next_dist_1e8vcs8._.js:776
[   83765ms] [ERROR] Each child in a list should have a unique "key" prop.%s%s See https://react.dev/link/warning-keys for more information. 

Check the render method of `MessageList`.  @ http://localhost:3000/_next/static/chunks/node_modules_next_dist_1e8vcs8._.js:1052
[  125344ms] [INFO] %cDownload the React DevTools for a better development experience: https://react.dev/link/react-devtools font-weight:bold @ http://localhost:3000/_next/static/chunks/node_modules_next_dist_1e8vcs8._.js:776
[  125401ms] [LOG] [HMR] connected @ http://localhost:3000/_next/static/chunks/node_modules_next_dist_1e8vcs8._.js:776
[  152197ms] [INFO] %cDownload the React DevTools for a better development experience: https://react.dev/link/react-devtools font-weight:bold @ http://localhost:3000/_next/static/chunks/node_modules_next_dist_1e8vcs8._.js:776
[  152239ms] [LOG] [HMR] connected @ http://localhost:3000/_next/static/chunks/node_modules_next_dist_1e8vcs8._.js:776
[  167812ms] [ERROR] Each child in a list should have a unique "key" prop.%s%s See https://react.dev/link/warning-keys for more information. 

Check the render method of `MessageList`.  @ http://localhost:3000/_next/static/chunks/node_modules_next_dist_1e8vcs8._.js:1052
[  237770ms] [INFO] %cDownload the React DevTools for a better development experience: https://react.dev/link/react-devtools font-weight:bold @ http://localhost:3000/_next/static/chunks/node_modules_next_dist_1e8vcs8._.js:776
[  237792ms] [LOG] [HMR] connected @ http://localhost:3000/_next/static/chunks/node_modules_next_dist_1e8vcs8._.js:776
[  254008ms] [ERROR] Each child in a list should have a unique "key" prop.%s%s See https://react.dev/link/warning-keys for more information. 

Check the render method of `MessageList`.  @ :12
[  399856ms] [LOG] [Fast Refresh] rebuilding @ http://localhost:3000/_next/static/chunks/node_modules_next_dist_1e8vcs8._.js:776
[  399938ms] [LOG] [Fast Refresh] done in 19ms @ http://localhost:3000/_next/static/chunks/node_modules_next_dist_1e8vcs8._.js:776
[  406600ms] [LOG] [Fast Refresh] rebuilding @ http://localhost:3000/_next/static/chunks/node_modules_next_dist_1e8vcs8._.js:776
[  406650ms] [LOG] [Fast Refresh] done in 3ms @ http://localhost:3000/_next/static/chunks/node_modules_next_dist_1e8vcs8._.js:776
[  426344ms] [LOG] [Fast Refresh] done in 3ms @ http://localhost:3000/_next/static/chunks/node_modules_next_dist_1e8vcs8._.js:776
[  426679ms] [INFO] %cDownload the React DevTools for a better development experience: https://react.dev/link/react-devtools font-weight:bold @ http://localhost:3000/_next/static/chunks/node_modules_next_dist_1e8vcs8._.js:776
[  426723ms] [LOG] [HMR] connected @ http://localhost:3000/_next/static/chunks/node_modules_next_dist_1e8vcs8._.js:776
[  454001ms] [INFO] %cDownload the React DevTools for a better development experience: https://react.dev/link/react-devtools font-weight:bold @ http://localhost:3000/_next/static/chunks/node_modules_next_dist_1e8vcs8._.js:776
[  454022ms] [LOG] [HMR] connected @ http://localhost:3000/_next/static/chunks/node_modules_next_dist_1e8vcs8._.js:776
[  516148ms] [INFO] %cDownload the React DevTools for a better development experience: https://react.dev/link/react-devtools font-weight:bold @ http://localhost:3000/_next/static/chunks/node_modules_next_dist_1e8vcs8._.js:776
[  516247ms] [LOG] [HMR] connected @ http://localhost:3000/_next/static/chunks/node_modules_next_dist_1e8vcs8._.js:776
[  535234ms] [INFO] %cDownload the React DevTools for a better development experience: https://react.dev/link/react-devtools font-weight:bold @ http://localhost:3000/_next/static/chunks/node_modules_next_dist_1e8vcs8._.js:776
[  535313ms] [LOG] [HMR] connected @ http://localhost:3000/_next/static/chunks/node_modules_next_dist_1e8vcs8._.js:776
[ 7889583ms] [ERROR] Failed to load resource: net::ERR_NAME_NOT_RESOLVED @ https://frontend-task-chatapp.onrender.com/socket.io/?EIO=4&transport=polling&t=h8zgg07d:0
[29658635ms] [LOG] [HMR] connected @ http://localhost:3000/_next/static/chunks/node_modules_next_dist_1e8vcs8._.js:776
[29658815ms] [ERROR] Failed to load resource: net::ERR_NAME_NOT_RESOLVED @ https://frontend-task-chatapp.onrender.com/socket.io/?EIO=4&transport=polling&t=u7kj8g7x:0
[29663601ms] [ERROR] Failed to load resource: net::ERR_NAME_NOT_RESOLVED @ https://frontend-task-chatapp.onrender.com/socket.io/?EIO=4&transport=polling&t=u7oed8d9:0
[30173618ms] [LOG] [Fast Refresh] rebuilding @ http://localhost:3000/_next/static/chunks/node_modules_next_dist_1e8vcs8._.js:776
[30173703ms] [LOG] [Fast Refresh] done in 17ms @ http://localhost:3000/_next/static/chunks/node_modules_next_dist_1e8vcs8._.js:776
[30173746ms] [LOG] [Fast Refresh] done in 17ms @ http://localhost:3000/_next/static/chunks/node_modules_next_dist_1e8vcs8._.js:776
[30192062ms] [LOG] [Fast Refresh] rebuilding @ http://localhost:3000/_next/static/chunks/node_modules_next_dist_1e8vcs8._.js:776
[30192110ms] [LOG] [Fast Refresh] done in 2ms @ http://localhost:3000/_next/static/chunks/node_modules_next_dist_1e8vcs8._.js:776
[30231270ms] [LOG] [Fast Refresh] rebuilding @ http://localhost:3000/_next/static/chunks/node_modules_next_dist_1e8vcs8._.js:776
[30231317ms] [LOG] [Fast Refresh] done in 24ms @ http://localhost:3000/_next/static/chunks/node_modules_next_dist_1e8vcs8._.js:776
[30235187ms] [LOG] [Fast Refresh] rebuilding @ http://localhost:3000/_next/static/chunks/node_modules_next_dist_1e8vcs8._.js:776
[30235229ms] [LOG] [Fast Refresh] done in 25ms @ http://localhost:3000/_next/static/chunks/node_modules_next_dist_1e8vcs8._.js:776
[30235270ms] [LOG] [Fast Refresh] done in 25ms @ http://localhost:3000/_next/static/chunks/node_modules_next_dist_1e8vcs8._.js:776
[30237181ms] [LOG] [Fast Refresh] rebuilding @ http://localhost:3000/_next/static/chunks/node_modules_next_dist_1e8vcs8._.js:776
[30237245ms] [LOG] [Fast Refresh] done in 4ms @ http://localhost:3000/_next/static/chunks/node_modules_next_dist_1e8vcs8._.js:776
[30243785ms] [LOG] [Fast Refresh] rebuilding @ http://localhost:3000/_next/static/chunks/node_modules_next_dist_1e8vcs8._.js:776
[30243833ms] [LOG] [Fast Refresh] done in 55ms @ http://localhost:3000/_next/static/chunks/node_modules_next_dist_1e8vcs8._.js:776
[30243864ms] [LOG] [Fast Refresh] done in 55ms @ http://localhost:3000/_next/static/chunks/node_modules_next_dist_1e8vcs8._.js:776
[30248372ms] [LOG] [Fast Refresh] rebuilding @ http://localhost:3000/_next/static/chunks/node_modules_next_dist_1e8vcs8._.js:776
[30248461ms] [LOG] [Fast Refresh] done in 30ms @ http://localhost:3000/_next/static/chunks/node_modules_next_dist_1e8vcs8._.js:776
[30254349ms] [LOG] [Fast Refresh] rebuilding @ http://localhost:3000/_next/static/chunks/node_modules_next_dist_1e8vcs8._.js:776
[30254423ms] [LOG] [Fast Refresh] done in 68ms @ http://localhost:3000/_next/static/chunks/node_modules_next_dist_1e8vcs8._.js:776
[30263804ms] [LOG] [Fast Refresh] rebuilding @ http://localhost:3000/_next/static/chunks/node_modules_next_dist_1e8vcs8._.js:776
[30263893ms] [LOG] [Fast Refresh] done in 42ms @ http://localhost:3000/_next/static/chunks/node_modules_next_dist_1e8vcs8._.js:776
[30287738ms] [LOG] [Fast Refresh] done in 42ms @ http://localhost:3000/_next/static/chunks/node_modules_next_dist_1e8vcs8._.js:776
[30288047ms] [INFO] %cDownload the React DevTools for a better development experience: https://react.dev/link/react-devtools font-weight:bold @ http://localhost:3000/_next/static/chunks/node_modules_next_dist_1e8vcs8._.js:776
[30288172ms] [LOG] [HMR] connected @ http://localhost:3000/_next/static/chunks/node_modules_next_dist_1e8vcs8._.js:776
[30393791ms] [INFO] %cDownload the React DevTools for a better development experience: https://react.dev/link/react-devtools font-weight:bold @ http://localhost:3000/_next/static/chunks/node_modules_next_dist_1e8vcs8._.js:776
[30393811ms] [LOG] [HMR] connected @ http://localhost:3000/_next/static/chunks/node_modules_next_dist_1e8vcs8._.js:776
[30615612ms] [LOG] [Fast Refresh] rebuilding @ http://localhost:3000/_next/static/chunks/node_modules_next_dist_1e8vcs8._.js:776
[30615690ms] [LOG] [Fast Refresh] done in 113ms @ http://localhost:3000/_next/static/chunks/node_modules_next_dist_1e8vcs8._.js:776
[30623231ms] [LOG] [Fast Refresh] rebuilding @ http://localhost:3000/_next/static/chunks/node_modules_next_dist_1e8vcs8._.js:776
[30623293ms] [LOG] [Fast Refresh] done in 97ms @ http://localhost:3000/_next/static/chunks/node_modules_next_dist_1e8vcs8._.js:776
[30626608ms] [LOG] [Fast Refresh] rebuilding @ http://localhost:3000/_next/static/chunks/node_modules_next_dist_1e8vcs8._.js:776
[30626744ms] [LOG] [Fast Refresh] done in 176ms @ http://localhost:3000/_next/static/chunks/node_modules_next_dist_1e8vcs8._.js:776
[30640201ms] [LOG] [Fast Refresh] done in 176ms @ http://localhost:3000/_next/static/chunks/node_modules_next_dist_1e8vcs8._.js:776
[30640521ms] [INFO] %cDownload the React DevTools for a better development experience: https://react.dev/link/react-devtools font-weight:bold @ http://localhost:3000/_next/static/chunks/node_modules_next_dist_1e8vcs8._.js:776
[30640562ms] [LOG] [HMR] connected @ http://localhost:3000/_next/static/chunks/node_modules_next_dist_1e8vcs8._.js:776
[31355278ms] [LOG] [Fast Refresh] rebuilding @ http://localhost:3000/_next/static/chunks/node_modules_next_dist_1e8vcs8._.js:776
[31355385ms] [LOG] [Fast Refresh] done in 95ms @ http://localhost:3000/_next/static/chunks/node_modules_next_dist_1e8vcs8._.js:776
[31355483ms] [LOG] [Fast Refresh] done in 95ms @ http://localhost:3000/_next/static/chunks/node_modules_next_dist_1e8vcs8._.js:776
[31361889ms] [LOG] [Fast Refresh] rebuilding @ http://localhost:3000/_next/static/chunks/node_modules_next_dist_1e8vcs8._.js:776
[31361927ms] [LOG] [Fast Refresh] done in 139ms @ http://localhost:3000/_next/static/chunks/node_modules_next_dist_1e8vcs8._.js:776
[31371766ms] [LOG] [Fast Refresh] rebuilding @ http://localhost:3000/_next/static/chunks/node_modules_next_dist_1e8vcs8._.js:776
[31371793ms] [LOG] [Fast Refresh] done in 126ms @ http://localhost:3000/_next/static/chunks/node_modules_next_dist_1e8vcs8._.js:776
[31384296ms] [LOG] [Fast Refresh] rebuilding @ http://localhost:3000/_next/static/chunks/node_modules_next_dist_1e8vcs8._.js:776
[31384305ms] [LOG] [Fast Refresh] done in 111ms @ http://localhost:3000/_next/static/chunks/node_modules_next_dist_1e8vcs8._.js:776
[31396108ms] [LOG] [Fast Refresh] rebuilding @ http://localhost:3000/_next/static/chunks/node_modules_next_dist_1e8vcs8._.js:776
[31396186ms] [LOG] [Fast Refresh] done in 156ms @ http://localhost:3000/_next/static/chunks/node_modules_next_dist_1e8vcs8._.js:776
[31396303ms] [LOG] [Fast Refresh] done in 156ms @ http://localhost:3000/_next/static/chunks/node_modules_next_dist_1e8vcs8._.js:776
[31403388ms] [LOG] [Fast Refresh] rebuilding @ http://localhost:3000/_next/static/chunks/node_modules_next_dist_1e8vcs8._.js:776
[31403472ms] [LOG] [Fast Refresh] done in 63ms @ http://localhost:3000/_next/static/chunks/node_modules_next_dist_1e8vcs8._.js:776
[31405553ms] [LOG] [Fast Refresh] rebuilding @ http://localhost:3000/_next/static/chunks/node_modules_next_dist_1e8vcs8._.js:776
[31405891ms] [ERROR] ./app/layout.tsx:5:1
Error: Module not found: Can't resolve '@/components/feedback/global-banner'
  3 | import "./globals.css";
  4 | import { AppProviders } from "@/components/providers/app-providers";
> 5 | import { GlobalBanner } from "@/components/feedback/global-banner";
    | ^^^^^^^^^^^^^^^^^^^^^^^^^^^^^^^^^^^^^^^^^^^^^^^^^^^^^^^^^^^^^^^^^^^
  6 |
  7 | const manrope = Manrope({
  8 |   variable: "--font-manrope",

Import map: aliased to relative './components/feedback/global-banner' inside of [project]/

https://nextjs.org/docs/messages/module-not-found @ :12
[31405894ms] [ERROR] ./app/chat/page.tsx:7:1
Error: Module not found: Can't resolve '@/hooks/use-network-status'
   5 | import { useAuth } from "@/hooks/use-auth";
   6 | import { useSocket } from "@/hooks/use-socket";
>  7 | import { useNetworkStatus } from "@/hooks/use-network-status";
     | ^^^^^^^^^^^^^^^^^^^^^^^^^^^^^^^^^^^^^^^^^^^^^^^^^^^^^^^^^^^^^^
   8 | import { useConversations } from "@/hooks/use-conversations";
   9 | import { useChatStore } from "@/store/chat-store";
  10 | import { ChatSidebar } from "@/components/chat/chat-sidebar";

Import map: aliased to relative './hooks/use-network-status' inside of [project]/

Import traces:
  Client Component Browser:
    ./app/chat/page.tsx [Client Component Browser]
    ./app/chat/page.tsx [Server Component]

  Client Component SSR:
    ./app/chat/page.tsx [Client Component SSR]
    ./app/chat/page.tsx [Server Component]

https://nextjs.org/docs/messages/module-not-found @ :12
[31406095ms] [ERROR] ./app/layout.tsx:5:1
Error: Module not found: Can't resolve '@/components/feedback/global-banner'
  3 | import "./globals.css";
  4 | import { AppProviders } from "@/components/providers/app-providers";
> 5 | import { GlobalBanner } from "@/components/feedback/global-banner";
    | ^^^^^^^^^^^^^^^^^^^^^^^^^^^^^^^^^^^^^^^^^^^^^^^^^^^^^^^^^^^^^^^^^^^
  6 |
  7 | const manrope = Manrope({
  8 |   variable: "--font-manrope",

Import map: aliased to relative './components/feedback/global-banner' inside of [project]/

https://nextjs.org/docs/messages/module-not-found @ :12
[31406095ms] [ERROR] ./app/chat/page.tsx:7:1
Error: Module not found: Can't resolve '@/hooks/use-network-status'
   5 | import { useAuth } from "@/hooks/use-auth";
   6 | import { useSocket } from "@/hooks/use-socket";
>  7 | import { useNetworkStatus } from "@/hooks/use-network-status";
     | ^^^^^^^^^^^^^^^^^^^^^^^^^^^^^^^^^^^^^^^^^^^^^^^^^^^^^^^^^^^^^^
   8 | import { useConversations } from "@/hooks/use-conversations";
   9 | import { useChatStore } from "@/store/chat-store";
  10 | import { ChatSidebar } from "@/components/chat/chat-sidebar";

Import map: aliased to relative './hooks/use-network-status' inside of [project]/

Import traces:
  Client Component Browser:
    ./app/chat/page.tsx [Client Component Browser]
    ./app/chat/page.tsx [Server Component]

  Client Component SSR:
    ./app/chat/page.tsx [Client Component SSR]
    ./app/chat/page.tsx [Server Component]

https://nextjs.org/docs/messages/module-not-found @ :12
[31409336ms] [LOG] [Fast Refresh] rebuilding @ http://localhost:3000/_next/static/chunks/node_modules_next_dist_1e8vcs8._.js:776
[31409387ms] [ERROR] ./app/chat/page.tsx:7:1
Error: Module not found: Can't resolve '@/hooks/use-network-status'
   5 | import { useAuth } from "@/hooks/use-auth";
   6 | import { useSocket } from "@/hooks/use-socket";
>  7 | import { useNetworkStatus } from "@/hooks/use-network-status";
     | ^^^^^^^^^^^^^^^^^^^^^^^^^^^^^^^^^^^^^^^^^^^^^^^^^^^^^^^^^^^^^^
   8 | import { useConversations } from "@/hooks/use-conversations";
   9 | import { useChatStore } from "@/store/chat-store";
  10 | import { ChatSidebar } from "@/components/chat/chat-sidebar";

Import map: aliased to relative './hooks/use-network-status' inside of [project]/

Import traces:
  Client Component Browser:
    ./app/chat/page.tsx [Client Component Browser]
    ./app/chat/page.tsx [Server Component]

  Client Component SSR:
    ./app/chat/page.tsx [Client Component SSR]
    ./app/chat/page.tsx [Server Component]

https://nextjs.org/docs/messages/module-not-found @ :12
[31412112ms] [LOG] [Fast Refresh] rebuilding @ http://localhost:3000/_next/static/chunks/node_modules_next_dist_1e8vcs8._.js:776
[31412325ms] [ERROR] ./app/chat/page.tsx:7:1
Error: Module not found: Can't resolve '@/hooks/use-network-status'
   5 | import { useAuth } from "@/hooks/use-auth";
   6 | import { useSocket } from "@/hooks/use-socket";
>  7 | import { useNetworkStatus } from "@/hooks/use-network-status";
     | ^^^^^^^^^^^^^^^^^^^^^^^^^^^^^^^^^^^^^^^^^^^^^^^^^^^^^^^^^^^^^^
   8 | import { useConversations } from "@/hooks/use-conversations";
   9 | import { useChatStore } from "@/store/chat-store";
  10 | import { ChatSidebar } from "@/components/chat/chat-sidebar";

Import map: aliased to relative './hooks/use-network-status' inside of [project]/

Import traces:
  Client Component Browser:
    ./app/chat/page.tsx [Client Component Browser]
    ./app/chat/page.tsx [Server Component]

  Client Component SSR:
    ./app/chat/page.tsx [Client Component SSR]
    ./app/chat/page.tsx [Server Component]

https://nextjs.org/docs/messages/module-not-found @ :12
[31415791ms] [LOG] [Fast Refresh] rebuilding @ http://localhost:3000/_next/static/chunks/node_modules_next_dist_1e8vcs8._.js:776
[31415797ms] [ERROR] ./app/chat/page.tsx:7:1
Error: Module not found: Can't resolve '@/hooks/use-network-status'
   5 | import { useAuth } from "@/hooks/use-auth";
   6 | import { useSocket } from "@/hooks/use-socket";
>  7 | import { useNetworkStatus } from "@/hooks/use-network-status";
     | ^^^^^^^^^^^^^^^^^^^^^^^^^^^^^^^^^^^^^^^^^^^^^^^^^^^^^^^^^^^^^^
   8 | import { useConversations } from "@/hooks/use-conversations";
   9 | import { useChatStore } from "@/store/chat-store";
  10 | import { ChatSidebar } from "@/components/chat/chat-sidebar";

Import map: aliased to relative './hooks/use-network-status' inside of [project]/

Import traces:
  Client Component Browser:
    ./app/chat/page.tsx [Client Component Browser]
    ./app/chat/page.tsx [Server Component]

  Client Component SSR:
    ./app/chat/page.tsx [Client Component SSR]
    ./app/chat/page.tsx [Server Component]

https://nextjs.org/docs/messages/module-not-found @ :12
[31419909ms] [LOG] [Fast Refresh] rebuilding @ http://localhost:3000/_next/static/chunks/node_modules_next_dist_1e8vcs8._.js:776
[31420009ms] [ERROR] ./app/chat/page.tsx:7:1
Error: Module not found: Can't resolve '@/hooks/use-network-status'
   5 | import { useAuth } from "@/hooks/use-auth";
   6 | import { useSocket } from "@/hooks/use-socket";
>  7 | import { useNetworkStatus } from "@/hooks/use-network-status";
     | ^^^^^^^^^^^^^^^^^^^^^^^^^^^^^^^^^^^^^^^^^^^^^^^^^^^^^^^^^^^^^^
   8 | import { useConversations } from "@/hooks/use-conversations";
   9 | import { useChatStore } from "@/store/chat-store";
  10 | import { ChatSidebar } from "@/components/chat/chat-sidebar";

Import map: aliased to relative './hooks/use-network-status' inside of [project]/

Import traces:
  Client Component Browser:
    ./app/chat/page.tsx [Client Component Browser]
    ./app/chat/page.tsx [Server Component]

  Client Component SSR:
    ./app/chat/page.tsx [Client Component SSR]
    ./app/chat/page.tsx [Server Component]

https://nextjs.org/docs/messages/module-not-found @ :12
[31425286ms] [LOG] [Fast Refresh] rebuilding @ http://localhost:3000/_next/static/chunks/node_modules_next_dist_1e8vcs8._.js:776
[31425403ms] [LOG] [Fast Refresh] done in 130ms @ http://localhost:3000/_next/static/chunks/node_modules_next_dist_1e8vcs8._.js:776
[31425457ms] [LOG] [Fast Refresh] done in 130ms @ http://localhost:3000/_next/static/chunks/node_modules_next_dist_1e8vcs8._.js:776
[31428811ms] [LOG] [Fast Refresh] rebuilding @ http://localhost:3000/_next/static/chunks/node_modules_next_dist_1e8vcs8._.js:776
[31428894ms] [LOG] [Fast Refresh] done in 49ms @ http://localhost:3000/_next/static/chunks/node_modules_next_dist_1e8vcs8._.js:776
[31433151ms] [LOG] [Fast Refresh] rebuilding @ http://localhost:3000/_next/static/chunks/node_modules_next_dist_1e8vcs8._.js:776
[31433306ms] [LOG] [Fast Refresh] done in 116ms @ http://localhost:3000/_next/static/chunks/node_modules_next_dist_1e8vcs8._.js:776
[31438588ms] [LOG] [Fast Refresh] rebuilding @ http://localhost:3000/_next/static/chunks/node_modules_next_dist_1e8vcs8._.js:776
[31438618ms] [ERROR] ./components/chat/message-composer.tsx:116:1
Error: Unexpected token. Did you mean `{'}'}` or `&rbrace;`?
  114 |     </div>
  115 |   );
> 116 | }
      | ^
  117 |

Parsing ecmascript source code failed

Import traces:
  Client Component Browser:
    ./components/chat/message-composer.tsx [Client Component Browser]
    ./components/chat/chat-window.tsx [Client Component Browser]
    ./app/chat/page.tsx [Client Component Browser]
    ./app/chat/page.tsx [Server Component]

  Client Component SSR:
    ./components/chat/message-composer.tsx [Client Component SSR]
    ./components/chat/chat-window.tsx [Client Component SSR]
    ./app/chat/page.tsx [Client Component SSR]
    ./app/chat/page.tsx [Server Component] @ :12
[31443171ms] [LOG] [Fast Refresh] rebuilding @ http://localhost:3000/_next/static/chunks/node_modules_next_dist_1e8vcs8._.js:776
[31443190ms] [ERROR] ./components/chat/message-composer.tsx:119:1
Error: Unexpected token. Did you mean `{'}'}` or `&rbrace;`?
  117 |     </div>
  118 |   );
> 119 | }
      | ^
  120 |

Parsing ecmascript source code failed

Import traces:
  Client Component Browser:
    ./components/chat/message-composer.tsx [Client Component Browser]
    ./components/chat/chat-window.tsx [Client Component Browser]
    ./app/chat/page.tsx [Client Component Browser]
    ./app/chat/page.tsx [Server Component]

  Client Component SSR:
    ./components/chat/message-composer.tsx [Client Component SSR]
    ./components/chat/chat-window.tsx [Client Component SSR]
    ./app/chat/page.tsx [Client Component SSR]
    ./app/chat/page.tsx [Server Component] @ :12
[31450678ms] [LOG] [Fast Refresh] rebuilding @ http://localhost:3000/_next/static/chunks/node_modules_next_dist_1e8vcs8._.js:776
[31450817ms] [LOG] [Fast Refresh] done in 39ms @ http://localhost:3000/_next/static/chunks/node_modules_next_dist_1e8vcs8._.js:776
