[     665ms] [INFO] %cDownload the React DevTools for a better development experience: https://react.dev/link/react-devtools font-weight:bold @ http://localhost:3000/_next/static/chunks/node_modules_next_dist_1e8vcs8._.js:776
[     844ms] [LOG] [HMR] connected @ http://localhost:3000/_next/static/chunks/node_modules_next_dist_1e8vcs8._.js:776
[    1021ms] [LOG] [Fast Refresh] rebuilding @ http://localhost:3000/_next/static/chunks/node_modules_next_dist_1e8vcs8._.js:776
[    1026ms] [LOG] [Fast Refresh] done in 135ms @ http://localhost:3000/_next/static/chunks/node_modules_next_dist_1e8vcs8._.js:776
[   76733ms] [ERROR] WebSocket connection to 'ws://localhost:3000/_next/hmr?id=PcFyy1zKf5N8EIyOkTHQj' failed: Error in connection establishment: net::ERR_CONNECTION_REFUSED @ http://localhost:3000/_next/static/chunks/node_modules_next_dist_client_0_90u2t._.js:16348
[   77738ms] [ERROR] WebSocket connection to 'ws://localhost:3000/_next/hmr?id=PcFyy1zKf5N8EIyOkTHQj' failed: Error in connection establishment: net::ERR_CONNECTION_REFUSED @ http://localhost:3000/_next/static/chunks/node_modules_next_dist_client_0_90u2t._.js:16348
[   78741ms] [ERROR] WebSocket connection to 'ws://localhost:3000/_next/hmr?id=PcFyy1zKf5N8EIyOkTHQj' failed: Error in connection establishment: net::ERR_CONNECTION_REFUSED @ http://localhost:3000/_next/static/chunks/node_modules_next_dist_client_0_90u2t._.js:16348
[   79742ms] [ERROR] WebSocket connection to 'ws://localhost:3000/_next/hmr?id=PcFyy1zKf5N8EIyOkTHQj' failed: Error in connection establishment: net::ERR_CONNECTION_REFUSED @ http://localhost:3000/_next/static/chunks/node_modules_next_dist_client_0_90u2t._.js:16348
[   80744ms] [ERROR] WebSocket connection to 'ws://localhost:3000/_next/hmr?id=PcFyy1zKf5N8EIyOkTHQj' failed: Error in connection establishment: net::ERR_CONNECTION_REFUSED @ http://localhost:3000/_next/static/chunks/node_modules_next_dist_client_0_90u2t._.js:16348
[   85746ms] [ERROR] WebSocket connection to 'ws://localhost:3000/_next/hmr?id=PcFyy1zKf5N8EIyOkTHQj' failed: Error in connection establishment: net::ERR_CONNECTION_REFUSED @ http://localhost:3000/_next/static/chunks/node_modules_next_dist_client_0_90u2t._.js:16348
[   90748ms] [ERROR] WebSocket connection to 'ws://localhost:3000/_next/hmr?id=PcFyy1zKf5N8EIyOkTHQj' failed: Error in connection establishment: net::ERR_CONNECTION_REFUSED @ http://localhost:3000/_next/static/chunks/node_modules_next_dist_client_0_90u2t._.js:16348
[   95749ms] [ERROR] WebSocket connection to 'ws://localhost:3000/_next/hmr?id=PcFyy1zKf5N8EIyOkTHQj' failed: Error in connection establishment: net::ERR_CONNECTION_REFUSED @ http://localhost:3000/_next/static/chunks/node_modules_next_dist_client_0_90u2t._.js:16348
[  100751ms] [ERROR] WebSocket connection to 'ws://localhost:3000/_next/hmr?id=PcFyy1zKf5N8EIyOkTHQj' failed: Error in connection establishment: net::ERR_CONNECTION_REFUSED @ http://localhost:3000/_next/static/chunks/node_modules_next_dist_client_0_90u2t._.js:16348
[  105752ms] [ERROR] WebSocket connection to 'ws://localhost:3000/_next/hmr?id=PcFyy1zKf5N8EIyOkTHQj' failed: Error in connection establishment: net::ERR_CONNECTION_REFUSED @ http://localhost:3000/_next/static/chunks/node_modules_next_dist_client_0_90u2t._.js:16348
[  110754ms] [ERROR] WebSocket connection to 'ws://localhost:3000/_next/hmr?id=PcFyy1zKf5N8EIyOkTHQj' failed: Error in connection establishment: net::ERR_CONNECTION_REFUSED @ http://localhost:3000/_next/static/chunks/node_modules_next_dist_client_0_90u2t._.js:16348
[  115756ms] [ERROR] WebSocket connection to 'ws://localhost:3000/_next/hmr?id=PcFyy1zKf5N8EIyOkTHQj' failed: Error in connection establishment: net::ERR_CONNECTION_REFUSED @ http://localhost:3000/_next/static/chunks/node_modules_next_dist_client_0_90u2t._.js:16348
[  513039ms] [INFO] %cDownload the React DevTools for a better development experience: https://react.dev/link/react-devtools font-weight:bold @ http://localhost:3000/_next/static/chunks/node_modules_next_dist_1e8vcs8._.js:776
[  513190ms] [LOG] [HMR] connected @ http://localhost:3000/_next/static/chunks/node_modules_next_dist_1e8vcs8._.js:776
[  522737ms] [ERROR] WebSocket connection to 'ws://localhost:3000/_next/hmr?id=7OQ8b64w6656kGlOwR7Ay' failed: Error in connection establishment: net::ERR_CONNECTION_REFUSED @ http://localhost:3000/_next/static/chunks/node_modules_next_dist_client_0_90u2t._.js:16348
[  523738ms] [ERROR] WebSocket connection to 'ws://localhost:3000/_next/hmr?id=7OQ8b64w6656kGlOwR7Ay' failed: Error in connection establishment: net::ERR_CONNECTION_REFUSED @ http://localhost:3000/_next/static/chunks/node_modules_next_dist_client_0_90u2t._.js:16348
[  524739ms] [ERROR] WebSocket connection to 'ws://localhost:3000/_next/hmr?id=7OQ8b64w6656kGlOwR7Ay' failed: Error in connection establishment: net::ERR_CONNECTION_REFUSED @ http://localhost:3000/_next/static/chunks/node_modules_next_dist_client_0_90u2t._.js:16348
[  525741ms] [ERROR] WebSocket connection to 'ws://localhost:3000/_next/hmr?id=7OQ8b64w6656kGlOwR7Ay' failed: Error in connection establishment: net::ERR_CONNECTION_REFUSED @ http://localhost:3000/_next/static/chunks/node_modules_next_dist_client_0_90u2t._.js:16348
[  526742ms] [ERROR] WebSocket connection to 'ws://localhost:3000/_next/hmr?id=7OQ8b64w6656kGlOwR7Ay' failed: Error in connection establishment: net::ERR_CONNECTION_REFUSED @ http://localhost:3000/_next/static/chunks/node_modules_next_dist_client_0_90u2t._.js:16348
[  531743ms] [ERROR] WebSocket connection to 'ws://localhost:3000/_next/hmr?id=7OQ8b64w6656kGlOwR7Ay' failed: Error in connection establishment: net::ERR_CONNECTION_REFUSED @ http://localhost:3000/_next/static/chunks/node_modules_next_dist_client_0_90u2t._.js:16348
[  536745ms] [ERROR] WebSocket connection to 'ws://localhost:3000/_next/hmr?id=7OQ8b64w6656kGlOwR7Ay' failed: Error in connection establishment: net::ERR_CONNECTION_REFUSED @ http://localhost:3000/_next/static/chunks/node_modules_next_dist_client_0_90u2t._.js:16348
[  541746ms] [ERROR] WebSocket connection to 'ws://localhost:3000/_next/hmr?id=7OQ8b64w6656kGlOwR7Ay' failed: Error in connection establishment: net::ERR_CONNECTION_REFUSED @ http://localhost:3000/_next/static/chunks/node_modules_next_dist_client_0_90u2t._.js:16348
[  546750ms] [ERROR] WebSocket connection to 'ws://localhost:3000/_next/hmr?id=7OQ8b64w6656kGlOwR7Ay' failed: Error in connection establishment: net::ERR_CONNECTION_REFUSED @ http://localhost:3000/_next/static/chunks/node_modules_next_dist_client_0_90u2t._.js:16348
[  551753ms] [ERROR] WebSocket connection to 'ws://localhost:3000/_next/hmr?id=7OQ8b64w6656kGlOwR7Ay' failed: Error in connection establishment: net::ERR_CONNECTION_REFUSED @ http://localhost:3000/_next/static/chunks/node_modules_next_dist_client_0_90u2t._.js:16348
[  556756ms] [ERROR] WebSocket connection to 'ws://localhost:3000/_next/hmr?id=7OQ8b64w6656kGlOwR7Ay' failed: Error in connection establishment: net::ERR_CONNECTION_REFUSED @ http://localhost:3000/_next/static/chunks/node_modules_next_dist_client_0_90u2t._.js:16348
[  561792ms] [LOG] [HMR] connected @ http://localhost:3000/_next/static/chunks/node_modules_next_dist_1e8vcs8._.js:776
[  564176ms] [INFO] %cDownload the React DevTools for a better development experience: https://react.dev/link/react-devtools font-weight:bold @ http://localhost:3000/_next/static/chunks/node_modules_next_dist_1e8vcs8._.js:776
[  564298ms] [LOG] [HMR] connected @ http://localhost:3000/_next/static/chunks/node_modules_next_dist_1e8vcs8._.js:776
[  581870ms] [LOG] [Fast Refresh] rebuilding @ http://localhost:3000/_next/static/chunks/node_modules_next_dist_1e8vcs8._.js:776
[  582397ms] [LOG] [Fast Refresh] done in 581ms @ http://localhost:3000/_next/static/chunks/node_modules_next_dist_1e8vcs8._.js:776
[  582436ms] [LOG] [Fast Refresh] done in 581ms @ http://localhost:3000/_next/static/chunks/node_modules_next_dist_1e8vcs8._.js:776
[  582506ms] [LOG] [Fast Refresh] done in 581ms @ http://localhost:3000/_next/static/chunks/node_modules_next_dist_1e8vcs8._.js:776
[  592529ms] [LOG] [Fast Refresh] rebuilding @ http://localhost:3000/_next/static/chunks/node_modules_next_dist_1e8vcs8._.js:776
[  592659ms] [LOG] [Fast Refresh] done in 165ms @ http://localhost:3000/_next/static/chunks/node_modules_next_dist_1e8vcs8._.js:776
[  592667ms] [LOG] [Fast Refresh] done in 165ms @ http://localhost:3000/_next/static/chunks/node_modules_next_dist_1e8vcs8._.js:776
[  592755ms] [LOG] [Fast Refresh] done in 165ms @ http://localhost:3000/_next/static/chunks/node_modules_next_dist_1e8vcs8._.js:776
