[     151ms] [INFO] %cDownload the React DevTools for a better development experience: https://react.dev/link/react-devtools font-weight:bold @ http://localhost:3100/_next/static/chunks/node_modules_next_dist_1e8vcs8._.js:776
[     171ms] [LOG] [HMR] connected @ http://localhost:3100/_next/static/chunks/node_modules_next_dist_1e8vcs8._.js:776
[   30152ms] RangeError: Invalid time value
    at formatMessageTime (http://localhost:3100/_next/static/chunks/_0c9z-qe._.js:4053:26)
    at ConversationRow (http://localhost:3100/_next/static/chunks/_0c9z-qe._.js:315:181)
    at Object.react_stack_bottom_frame (http://localhost:3100/_next/static/chunks/node_modules_next_dist_compiled_react-dom_096_9a-._.js:14894:24)
    at renderWithHooks (http://localhost:3100/_next/static/chunks/node_modules_next_dist_compiled_react-dom_096_9a-._.js:4425:24)
    at updateFunctionComponent (http://localhost:3100/_next/static/chunks/node_modules_next_dist_compiled_react-dom_096_9a-._.js:5892:21)
    at beginWork (http://localhost:3100/_next/static/chunks/node_modules_next_dist_compiled_react-dom_096_9a-._.js:6518:24)
    at runWithFiberInDEV (http://localhost:3100/_next/static/chunks/node_modules_next_dist_compiled_react-dom_096_9a-._.js:761:74)
    at performUnitOfWork (http://localhost:3100/_next/static/chunks/node_modules_next_dist_compiled_react-dom_096_9a-._.js:9385:97)
    at workLoopSync (http://localhost:3100/_next/static/chunks/node_modules_next_dist_compiled_react-dom_096_9a-._.js:9279:40)
    at renderRootSync (http://localhost:3100/_next/static/chunks/node_modules_next_dist_compiled_react-dom_096_9a-._.js:9263:13)
    at performWorkOnRoot (http://localhost:3100/_next/static/chunks/node_modules_next_dist_compiled_react-dom_096_9a-._.js:8928:47)
    at performSyncWorkOnRoot (http://localhost:3100/_next/static/chunks/node_modules_next_dist_compiled_react-dom_096_9a-._.js:10093:9)
    at flushSyncWorkAcrossRoots_impl (http://localhost:3100/_next/static/chunks/node_modules_next_dist_compiled_react-dom_096_9a-._.js:10009:316)
    at processRootScheduleInMicrotask (http://localhost:3100/_next/static/chunks/node_modules_next_dist_compiled_react-dom_096_9a-._.js:10030:106)
    at http://localhost:3100/_next/static/chunks/node_modules_next_dist_compiled_react-dom_096_9a-._.js:10104:158
[  138376ms] [LOG] [Fast Refresh] rebuilding @ http://localhost:3100/_next/static/chunks/node_modules_next_dist_1e8vcs8._.js:776
[  139472ms] [ERROR] ./components/chat/notifications-panel.tsx:22:13
Error: Expected '</', got '{'
  20 |           {conversation.participants.length > 2 ? (
  21 |             <span className="w-2 h-2 rounded-full bg-accent-to mr-2"></span>
> 22 |             {conversation.name || "Group"}
     |             ^
  23 |           ) : (
  24 |             <Avatar name={conversation.participants[0] || "You"} className="w-3 h-3 mr-2" />
  25 |             {conversation.participants.length > 0 ? conversation.participants[0] : "No one"}

Parsing ecmascript source code failed

Import traces:
  Client Component Browser:
    ./components/chat/notifications-panel.tsx [Client Component Browser]
    ./app/chat/page.tsx [Client Component Browser]
    ./app/chat/page.tsx [Server Component]

  Client Component SSR:
    ./components/chat/notifications-panel.tsx [Client Component SSR]
    ./app/chat/page.tsx [Client Component SSR]
    ./app/chat/page.tsx [Server Component] @ http://localhost:3100/_next/static/chunks/node_modules_next_dist_1e8vcs8._.js:1052
[  139473ms] [ERROR] ./components/feedback/toast-stack.tsx:4:1
Error: Export useToast doesn't exist in target module
  2 |
  3 | import { motion } from "framer-motion";
> 4 | import { useToast } from "@/store/toast-store";
    | ^^^^^^^^^^^^^^^^^^^^^^^^^^^^^^^^^^^^^^^^^^^^^^^
  5 |
  6 | export function ToastStack({ onOpenConversation }: { onOpenConversation: (id: string) => vo...
  7 |   const { toasts, addToast, removeToast } = useToast();

The export useToast was not found in module [project]/store/toast-store.ts [app-client] (ecmascript).
Did you mean to import useToastStore?
All exports of the module are statically known (It doesn't have dynamic exports). So it's known statically that the requested export doesn't exist.

Import traces:
  Client Component Browser:
    ./components/feedback/toast-stack.tsx [Client Component Browser]
    ./app/chat/page.tsx [Client Component Browser]
    ./app/chat/page.tsx [Server Component]

  Client Component SSR:
    ./components/feedback/toast-stack.tsx [Client Component SSR]
    ./app/chat/page.tsx [Client Component SSR]
    ./app/chat/page.tsx [Server Component] @ http://localhost:3100/_next/static/chunks/node_modules_next_dist_1e8vcs8._.js:1052
[  139474ms] [ERROR] ./components/feedback/toast-stack.tsx:4:1
Error: Export useToast doesn't exist in target module
  2 |
  3 | import { motion } from "framer-motion";
> 4 | import { useToast } from "@/store/toast-store";
    | ^^^^^^^^^^^^^^^^^^^^^^^^^^^^^^^^^^^^^^^^^^^^^^^
  5 |
  6 | export function ToastStack({ onOpenConversation }: { onOpenConversation: (id: string) => vo...
  7 |   const { toasts, addToast, removeToast } = useToast();

The export useToast was not found in module [project]/store/toast-store.ts [app-ssr] (ecmascript).
Did you mean to import useToastStore?
All exports of the module are statically known (It doesn't have dynamic exports). So it's known statically that the requested export doesn't exist.

Import traces:
  Client Component Browser:
    ./components/feedback/toast-stack.tsx [Client Component Browser]
    ./app/chat/page.tsx [Client Component Browser]
    ./app/chat/page.tsx [Server Component]

  Client Component SSR:
    ./components/feedback/toast-stack.tsx [Client Component SSR]
    ./app/chat/page.tsx [Client Component SSR]
    ./app/chat/page.tsx [Server Component] @ http://localhost:3100/_next/static/chunks/node_modules_next_dist_1e8vcs8._.js:1052
[  139590ms] [ERROR] ./components/chat/notifications-panel.tsx:22:13
Error: Expected '</', got '{'
  20 |           {conversation.participants.length > 2 ? (
  21 |             <span className="w-2 h-2 rounded-full bg-accent-to mr-2"></span>
> 22 |             {conversation.name || "Group"}
     |             ^
  23 |           ) : (
  24 |             <Avatar name={conversation.participants[0] || "You"} className="w-3 h-3 mr-2" />
  25 |             {conversation.participants.length > 0 ? conversation.participants[0] : "No one"}

Parsing ecmascript source code failed

Import traces:
  Client Component Browser:
    ./components/chat/notifications-panel.tsx [Client Component Browser]
    ./app/chat/page.tsx [Client Component Browser]
    ./app/chat/page.tsx [Server Component]

  Client Component SSR:
    ./components/chat/notifications-panel.tsx [Client Component SSR]
    ./app/chat/page.tsx [Client Component SSR]
    ./app/chat/page.tsx [Server Component] @ http://localhost:3100/_next/static/chunks/node_modules_next_dist_1e8vcs8._.js:1052
[  139590ms] [ERROR] ./components/feedback/toast-stack.tsx:4:1
Error: Export useToast doesn't exist in target module
  2 |
  3 | import { motion } from "framer-motion";
> 4 | import { useToast } from "@/store/toast-store";
    | ^^^^^^^^^^^^^^^^^^^^^^^^^^^^^^^^^^^^^^^^^^^^^^^
  5 |
  6 | export function ToastStack({ onOpenConversation }: { onOpenConversation: (id: string) => vo...
  7 |   const { toasts, addToast, removeToast } = useToast();

The export useToast was not found in module [project]/store/toast-store.ts [app-client] (ecmascript).
Did you mean to import useToastStore?
All exports of the module are statically known (It doesn't have dynamic exports). So it's known statically that the requested export doesn't exist.

Import traces:
  Client Component Browser:
    ./components/feedback/toast-stack.tsx [Client Component Browser]
    ./app/chat/page.tsx [Client Component Browser]
    ./app/chat/page.tsx [Server Component]

  Client Component SSR:
    ./components/feedback/toast-stack.tsx [Client Component SSR]
    ./app/chat/page.tsx [Client Component SSR]
    ./app/chat/page.tsx [Server Component] @ http://localhost:3100/_next/static/chunks/node_modules_next_dist_1e8vcs8._.js:1052
[  139591ms] [ERROR] ./components/feedback/toast-stack.tsx:4:1
Error: Export useToast doesn't exist in target module
  2 |
  3 | import { motion } from "framer-motion";
> 4 | import { useToast } from "@/store/toast-store";
    | ^^^^^^^^^^^^^^^^^^^^^^^^^^^^^^^^^^^^^^^^^^^^^^^
  5 |
  6 | export function ToastStack({ onOpenConversation }: { onOpenConversation: (id: string) => vo...
  7 |   const { toasts, addToast, removeToast } = useToast();

The export useToast was not found in module [project]/store/toast-store.ts [app-ssr] (ecmascript).
Did you mean to import useToastStore?
All exports of the module are statically known (It doesn't have dynamic exports). So it's known statically that the requested export doesn't exist.

Import traces:
  Client Component Browser:
    ./components/feedback/toast-stack.tsx [Client Component Browser]
    ./app/chat/page.tsx [Client Component Browser]
    ./app/chat/page.tsx [Server Component]

  Client Component SSR:
    ./components/feedback/toast-stack.tsx [Client Component SSR]
    ./app/chat/page.tsx [Client Component SSR]
    ./app/chat/page.tsx [Server Component] @ http://localhost:3100/_next/static/chunks/node_modules_next_dist_1e8vcs8._.js:1052
[  147493ms] [ERROR] ./components/chat/notifications-panel.tsx:22:13
Error: Expected '</', got '{'
  20 |           {conversation.participants.length > 2 ? (
  21 |             <span className="w-2 h-2 rounded-full bg-accent-to mr-2"></span>
> 22 |             {conversation.name || "Group"}
     |             ^
  23 |           ) : (
  24 |             <Avatar name={conversation.participants[0] || "You"} className="w-3 h-3 mr-2" />
  25 |             {conversation.participants.length > 0 ? conversation.participants[0] : "No one"}

Parsing ecmascript source code failed

Import traces:
  Client Component Browser:
    ./components/chat/notifications-panel.tsx [Client Component Browser]
    ./app/chat/page.tsx [Client Component Browser]
    ./app/chat/page.tsx [Server Component]

  Client Component SSR:
    ./components/chat/notifications-panel.tsx [Client Component SSR]
    ./app/chat/page.tsx [Client Component SSR]
    ./app/chat/page.tsx [Server Component] @ http://localhost:3100/_next/static/chunks/node_modules_next_dist_1e8vcs8._.js:1052
[  147494ms] [ERROR] ./components/feedback/toast-stack.tsx:4:1
Error: Export useToast doesn't exist in target module
  2 |
  3 | import { motion } from "framer-motion";
> 4 | import { useToast } from "@/store/toast-store";
    | ^^^^^^^^^^^^^^^^^^^^^^^^^^^^^^^^^^^^^^^^^^^^^^^
  5 |
  6 | export function ToastStack({ onOpenConversation }: { onOpenConversation: (id: string) => vo...
  7 |   const { toasts, addToast, removeToast } = useToast();

The export useToast was not found in module [project]/store/toast-store.ts [app-client] (ecmascript).
Did you mean to import useToastStore?
All exports of the module are statically known (It doesn't have dynamic exports). So it's known statically that the requested export doesn't exist.

Import traces:
  Client Component Browser:
    ./components/feedback/toast-stack.tsx [Client Component Browser]
    ./app/chat/page.tsx [Client Component Browser]
    ./app/chat/page.tsx [Server Component]

  Client Component SSR:
    ./components/feedback/toast-stack.tsx [Client Component SSR]
    ./app/chat/page.tsx [Client Component SSR]
    ./app/chat/page.tsx [Server Component] @ http://localhost:3100/_next/static/chunks/node_modules_next_dist_1e8vcs8._.js:1052
[  147494ms] [ERROR] ./components/feedback/toast-stack.tsx:4:1
Error: Export useToast doesn't exist in target module
  2 |
  3 | import { motion } from "framer-motion";
> 4 | import { useToast } from "@/store/toast-store";
    | ^^^^^^^^^^^^^^^^^^^^^^^^^^^^^^^^^^^^^^^^^^^^^^^
  5 |
  6 | export function ToastStack({ onOpenConversation }: { onOpenConversation: (id: string) => vo...
  7 |   const { toasts, addToast, removeToast } = useToast();

The export useToast was not found in module [project]/store/toast-store.ts [app-ssr] (ecmascript).
Did you mean to import useToastStore?
All exports of the module are statically known (It doesn't have dynamic exports). So it's known statically that the requested export doesn't exist.

Import traces:
  Client Component Browser:
    ./components/feedback/toast-stack.tsx [Client Component Browser]
    ./app/chat/page.tsx [Client Component Browser]
    ./app/chat/page.tsx [Server Component]

  Client Component SSR:
    ./components/feedback/toast-stack.tsx [Client Component SSR]
    ./app/chat/page.tsx [Client Component SSR]
    ./app/chat/page.tsx [Server Component] @ http://localhost:3100/_next/static/chunks/node_modules_next_dist_1e8vcs8._.js:1052
[  147693ms] [LOG] [Fast Refresh] rebuilding @ http://localhost:3100/_next/static/chunks/node_modules_next_dist_1e8vcs8._.js:776
[  148341ms] [ERROR] ./components/chat/notifications-panel.tsx:22:13
Error: Expected '</', got '{'
  20 |           {conversation.participants.length > 2 ? (
  21 |             <span className="w-2 h-2 rounded-full bg-accent-to mr-2"></span>
> 22 |             {conversation.name || "Group"}
     |             ^
  23 |           ) : (
  24 |             <Avatar name={conversation.participants[0] || "You"} className="w-3 h-3 mr-2" />
  25 |             {conversation.participants.length > 0 ? conversation.participants[0] : "No one"}

Parsing ecmascript source code failed

Import traces:
  Client Component Browser:
    ./components/chat/notifications-panel.tsx [Client Component Browser]
    ./app/chat/page.tsx [Client Component Browser]
    ./app/chat/page.tsx [Server Component]

  Client Component SSR:
    ./components/chat/notifications-panel.tsx [Client Component SSR]
    ./app/chat/page.tsx [Client Component SSR]
    ./app/chat/page.tsx [Server Component] @ http://localhost:3100/_next/static/chunks/node_modules_next_dist_1e8vcs8._.js:1052
[  148342ms] [ERROR] ./components/feedback/toast-stack.tsx:4:1
Error: Export useToast doesn't exist in target module
  2 |
  3 | import { motion } from "framer-motion";
> 4 | import { useToast } from "@/store/toast-store";
    | ^^^^^^^^^^^^^^^^^^^^^^^^^^^^^^^^^^^^^^^^^^^^^^^
  5 |
  6 | export function ToastStack({ onOpenConversation }: { onOpenConversation: (id: string) => vo...
  7 |   const { toasts, addToast, removeToast } = useToast();

The export useToast was not found in module [project]/store/toast-store.ts [app-client] (ecmascript).
Did you mean to import useToastStore?
All exports of the module are statically known (It doesn't have dynamic exports). So it's known statically that the requested export doesn't exist.

Import traces:
  Client Component Browser:
    ./components/feedback/toast-stack.tsx [Client Component Browser]
    ./app/chat/page.tsx [Client Component Browser]
    ./app/chat/page.tsx [Server Component]

  Client Component SSR:
    ./components/feedback/toast-stack.tsx [Client Component SSR]
    ./app/chat/page.tsx [Client Component SSR]
    ./app/chat/page.tsx [Server Component] @ http://localhost:3100/_next/static/chunks/node_modules_next_dist_1e8vcs8._.js:1052
[  148342ms] [ERROR] ./components/feedback/toast-stack.tsx:4:1
Error: Export useToast doesn't exist in target module
  2 |
  3 | import { motion } from "framer-motion";
> 4 | import { useToast } from "@/store/toast-store";
    | ^^^^^^^^^^^^^^^^^^^^^^^^^^^^^^^^^^^^^^^^^^^^^^^
  5 |
  6 | export function ToastStack({ onOpenConversation }: { onOpenConversation: (id: string) => vo...
  7 |   const { toasts, addToast, removeToast } = useToast();

The export useToast was not found in module [project]/store/toast-store.ts [app-ssr] (ecmascript).
Did you mean to import useToastStore?
All exports of the module are statically known (It doesn't have dynamic exports). So it's known statically that the requested export doesn't exist.

Import traces:
  Client Component Browser:
    ./components/feedback/toast-stack.tsx [Client Component Browser]
    ./app/chat/page.tsx [Client Component Browser]
    ./app/chat/page.tsx [Server Component]

  Client Component SSR:
    ./components/feedback/toast-stack.tsx [Client Component SSR]
    ./app/chat/page.tsx [Client Component SSR]
    ./app/chat/page.tsx [Server Component] @ http://localhost:3100/_next/static/chunks/node_modules_next_dist_1e8vcs8._.js:1052
[  148422ms] [ERROR] ./components/chat/notifications-panel.tsx:22:13
Error: Expected '</', got '{'
  20 |           {conversation.participants.length > 2 ? (
  21 |             <span className="w-2 h-2 rounded-full bg-accent-to mr-2"></span>
> 22 |             {conversation.name || "Group"}
     |             ^
  23 |           ) : (
  24 |             <Avatar name={conversation.participants[0] || "You"} className="w-3 h-3 mr-2" />
  25 |             {conversation.participants.length > 0 ? conversation.participants[0] : "No one"}

Parsing ecmascript source code failed

Import traces:
  Client Component Browser:
    ./components/chat/notifications-panel.tsx [Client Component Browser]
    ./app/chat/page.tsx [Client Component Browser]
    ./app/chat/page.tsx [Server Component]

  Client Component SSR:
    ./components/chat/notifications-panel.tsx [Client Component SSR]
    ./app/chat/page.tsx [Client Component SSR]
    ./app/chat/page.tsx [Server Component] @ http://localhost:3100/_next/static/chunks/node_modules_next_dist_1e8vcs8._.js:1052
[  148422ms] [ERROR] ./components/feedback/toast-stack.tsx:4:1
Error: Export useToast doesn't exist in target module
  2 |
  3 | import { motion } from "framer-motion";
> 4 | import { useToast } from "@/store/toast-store";
    | ^^^^^^^^^^^^^^^^^^^^^^^^^^^^^^^^^^^^^^^^^^^^^^^
  5 |
  6 | export function ToastStack({ onOpenConversation }: { onOpenConversation: (id: string) => vo...
  7 |   const { toasts, addToast, removeToast } = useToast();

The export useToast was not found in module [project]/store/toast-store.ts [app-client] (ecmascript).
Did you mean to import useToastStore?
All exports of the module are statically known (It doesn't have dynamic exports). So it's known statically that the requested export doesn't exist.

Import traces:
  Client Component Browser:
    ./components/feedback/toast-stack.tsx [Client Component Browser]
    ./app/chat/page.tsx [Client Component Browser]
    ./app/chat/page.tsx [Server Component]

  Client Component SSR:
    ./components/feedback/toast-stack.tsx [Client Component SSR]
    ./app/chat/page.tsx [Client Component SSR]
    ./app/chat/page.tsx [Server Component] @ http://localhost:3100/_next/static/chunks/node_modules_next_dist_1e8vcs8._.js:1052
[  148423ms] [ERROR] ./components/feedback/toast-stack.tsx:4:1
Error: Export useToast doesn't exist in target module
  2 |
  3 | import { motion } from "framer-motion";
> 4 | import { useToast } from "@/store/toast-store";
    | ^^^^^^^^^^^^^^^^^^^^^^^^^^^^^^^^^^^^^^^^^^^^^^^
  5 |
  6 | export function ToastStack({ onOpenConversation }: { onOpenConversation: (id: string) => vo...
  7 |   const { toasts, addToast, removeToast } = useToast();

The export useToast was not found in module [project]/store/toast-store.ts [app-ssr] (ecmascript).
Did you mean to import useToastStore?
All exports of the module are statically known (It doesn't have dynamic exports). So it's known statically that the requested export doesn't exist.

Import traces:
  Client Component Browser:
    ./components/feedback/toast-stack.tsx [Client Component Browser]
    ./app/chat/page.tsx [Client Component Browser]
    ./app/chat/page.tsx [Server Component]

  Client Component SSR:
    ./components/feedback/toast-stack.tsx [Client Component SSR]
    ./app/chat/page.tsx [Client Component SSR]
    ./app/chat/page.tsx [Server Component] @ http://localhost:3100/_next/static/chunks/node_modules_next_dist_1e8vcs8._.js:1052
[  148621ms] [LOG] [Fast Refresh] rebuilding @ http://localhost:3100/_next/static/chunks/node_modules_next_dist_1e8vcs8._.js:776
[  149041ms] [ERROR] ./components/chat/notifications-panel.tsx:22:13
Error: Expected '</', got '{'
  20 |           {conversation.participants.length > 2 ? (
  21 |             <span className="w-2 h-2 rounded-full bg-accent-to mr-2"></span>
> 22 |             {conversation.name || "Group"}
     |             ^
  23 |           ) : (
  24 |             <Avatar name={conversation.participants[0] || "You"} className="w-3 h-3 mr-2" />
  25 |             {conversation.participants.length > 0 ? conversation.participants[0] : "No one"}

Parsing ecmascript source code failed

Import traces:
  Client Component Browser:
    ./components/chat/notifications-panel.tsx [Client Component Browser]
    ./app/chat/page.tsx [Client Component Browser]
    ./app/chat/page.tsx [Server Component]

  Client Component SSR:
    ./components/chat/notifications-panel.tsx [Client Component SSR]
    ./app/chat/page.tsx [Client Component SSR]
    ./app/chat/page.tsx [Server Component] @ http://localhost:3100/_next/static/chunks/node_modules_next_dist_1e8vcs8._.js:1052
[  149041ms] [ERROR] ./components/feedback/toast-stack.tsx:4:1
Error: Export useToast doesn't exist in target module
  2 |
  3 | import { motion } from "framer-motion";
> 4 | import { useToast } from "@/store/toast-store";
    | ^^^^^^^^^^^^^^^^^^^^^^^^^^^^^^^^^^^^^^^^^^^^^^^
  5 |
  6 | export function ToastStack({ onOpenConversation }: { onOpenConversation: (id: string) => vo...
  7 |   const { toasts, addToast, removeToast } = useToast();

The export useToast was not found in module [project]/store/toast-store.ts [app-client] (ecmascript).
Did you mean to import useToastStore?
All exports of the module are statically known (It doesn't have dynamic exports). So it's known statically that the requested export doesn't exist.

Import traces:
  Client Component Browser:
    ./components/feedback/toast-stack.tsx [Client Component Browser]
    ./app/chat/page.tsx [Client Component Browser]
    ./app/chat/page.tsx [Server Component]

  Client Component SSR:
    ./components/feedback/toast-stack.tsx [Client Component SSR]
    ./app/chat/page.tsx [Client Component SSR]
    ./app/chat/page.tsx [Server Component] @ http://localhost:3100/_next/static/chunks/node_modules_next_dist_1e8vcs8._.js:1052
[  149041ms] [ERROR] ./components/feedback/toast-stack.tsx:4:1
Error: Export useToast doesn't exist in target module
  2 |
  3 | import { motion } from "framer-motion";
> 4 | import { useToast } from "@/store/toast-store";
    | ^^^^^^^^^^^^^^^^^^^^^^^^^^^^^^^^^^^^^^^^^^^^^^^
  5 |
  6 | export function ToastStack({ onOpenConversation }: { onOpenConversation: (id: string) => vo...
  7 |   const { toasts, addToast, removeToast } = useToast();

The export useToast was not found in module [project]/store/toast-store.ts [app-ssr] (ecmascript).
Did you mean to import useToastStore?
All exports of the module are statically known (It doesn't have dynamic exports). So it's known statically that the requested export doesn't exist.

Import traces:
  Client Component Browser:
    ./components/feedback/toast-stack.tsx [Client Component Browser]
    ./app/chat/page.tsx [Client Component Browser]
    ./app/chat/page.tsx [Server Component]

  Client Component SSR:
    ./components/feedback/toast-stack.tsx [Client Component SSR]
    ./app/chat/page.tsx [Client Component SSR]
    ./app/chat/page.tsx [Server Component] @ http://localhost:3100/_next/static/chunks/node_modules_next_dist_1e8vcs8._.js:1052
[  149054ms] [ERROR] Failed to load resource: the server responded with a status of 500 (Internal Server Error) @ http://localhost:3100/chat:0
[  149235ms] [INFO] %cDownload the React DevTools for a better development experience: https://react.dev/link/react-devtools font-weight:bold @ http://localhost:3100/_next/static/chunks/node_modules_react-dom_0kla17-._.js:15093
[  149309ms] Error: ./components/chat/notifications-panel.tsx:22:13
Error: Expected '</', got '{'
  20 |           {conversation.participants.length > 2 ? (
  21 |             <span className="w-2 h-2 rounded-full bg-accent-to mr-2"></span>
> 22 |             {conversation.name || "Group"}
     |             ^
  23 |           ) : (
  24 |             <Avatar name={conversation.participants[0] || "You"} className="w-3 h-3 mr-2" />
  25 |             {conversation.participants.length > 0 ? conversation.participants[0] : "No one"}

Parsing ecmascript source code failed

Import traces:
  Client Component Browser:
    ./components/chat/notifications-panel.tsx [Client Component Browser]
    ./app/chat/page.tsx [Client Component Browser]
    ./app/chat/page.tsx [Server Component]

  Client Component SSR:
    ./components/chat/notifications-panel.tsx [Client Component SSR]
    ./app/chat/page.tsx [Client Component SSR]
    ./app/chat/page.tsx [Server Component]


    at <unknown> (Error: ./components/chat/notifications-panel.tsx:22:13)
    at Object.getCompilationErrors (file:///media/shadhin/secandary/code/taghyeer-chatapp/node_modules/next/dist/server/dev/hot-reloader-turbopack.js:1417:59)
    at DevBundlerService.getCompilationError (file:///media/shadhin/secandary/code/taghyeer-chatapp/node_modules/next/dist/server/lib/dev-bundler-service.js:59:55)
    at DevServer.getCompilationError (file:///media/shadhin/secandary/code/taghyeer-chatapp/node_modules/next/dist/server/dev/next-dev-server.js:754:42)
    at DevServer.findPageComponents (file:///media/shadhin/secandary/code/taghyeer-chatapp/node_modules/next/dist/server/dev/next-dev-server.js:724:43)
    at async DevServer.renderErrorToResponseImpl (file:///media/shadhin/secandary/code/taghyeer-chatapp/node_modules/next/dist/server/base-server.js:1828:26)
[  149310ms] [LOG] [HMR] connected @ http://localhost:3100/_next/static/chunks/node_modules_next_dist_1gdrd03._.js:756
[  149316ms] [ERROR] ./components/chat/notifications-panel.tsx:22:13
Error: Expected '</', got '{'
  20 |           {conversation.participants.length > 2 ? (
  21 |             <span className="w-2 h-2 rounded-full bg-accent-to mr-2"></span>
> 22 |             {conversation.name || "Group"}
     |             ^
  23 |           ) : (
  24 |             <Avatar name={conversation.participants[0] || "You"} className="w-3 h-3 mr-2" />
  25 |             {conversation.participants.length > 0 ? conversation.participants[0] : "No one"}

Parsing ecmascript source code failed

Import traces:
  Client Component Browser:
    ./components/chat/notifications-panel.tsx [Client Component Browser]
    ./app/chat/page.tsx [Client Component Browser]
    ./app/chat/page.tsx [Server Component]

  Client Component SSR:
    ./components/chat/notifications-panel.tsx [Client Component SSR]
    ./app/chat/page.tsx [Client Component SSR]
    ./app/chat/page.tsx [Server Component] @ http://localhost:3100/_next/static/chunks/node_modules_next_dist_1gdrd03._.js:1817
[  149316ms] [ERROR] ./components/feedback/toast-stack.tsx:4:1
Error: Export useToast doesn't exist in target module
  2 |
  3 | import { motion } from "framer-motion";
> 4 | import { useToast } from "@/store/toast-store";
    | ^^^^^^^^^^^^^^^^^^^^^^^^^^^^^^^^^^^^^^^^^^^^^^^
  5 |
  6 | export function ToastStack({ onOpenConversation }: { onOpenConversation: (id: string) => vo...
  7 |   const { toasts, addToast, removeToast } = useToast();

The export useToast was not found in module [project]/store/toast-store.ts [app-client] (ecmascript).
Did you mean to import useToastStore?
All exports of the module are statically known (It doesn't have dynamic exports). So it's known statically that the requested export doesn't exist.

Import traces:
  Client Component Browser:
    ./components/feedback/toast-stack.tsx [Client Component Browser]
    ./app/chat/page.tsx [Client Component Browser]
    ./app/chat/page.tsx [Server Component]

  Client Component SSR:
    ./components/feedback/toast-stack.tsx [Client Component SSR]
    ./app/chat/page.tsx [Client Component SSR]
    ./app/chat/page.tsx [Server Component] @ http://localhost:3100/_next/static/chunks/node_modules_next_dist_1gdrd03._.js:1817
[  149316ms] [ERROR] ./components/feedback/toast-stack.tsx:4:1
Error: Export useToast doesn't exist in target module
  2 |
  3 | import { motion } from "framer-motion";
> 4 | import { useToast } from "@/store/toast-store";
    | ^^^^^^^^^^^^^^^^^^^^^^^^^^^^^^^^^^^^^^^^^^^^^^^
  5 |
  6 | export function ToastStack({ onOpenConversation }: { onOpenConversation: (id: string) => vo...
  7 |   const { toasts, addToast, removeToast } = useToast();

The export useToast was not found in module [project]/store/toast-store.ts [app-ssr] (ecmascript).
Did you mean to import useToastStore?
All exports of the module are statically known (It doesn't have dynamic exports). So it's known statically that the requested export doesn't exist.

Import traces:
  Client Component Browser:
    ./components/feedback/toast-stack.tsx [Client Component Browser]
    ./app/chat/page.tsx [Client Component Browser]
    ./app/chat/page.tsx [Server Component]

  Client Component SSR:
    ./components/feedback/toast-stack.tsx [Client Component SSR]
    ./app/chat/page.tsx [Client Component SSR]
    ./app/chat/page.tsx [Server Component] @ http://localhost:3100/_next/static/chunks/node_modules_next_dist_1gdrd03._.js:1817
[  149450ms] [ERROR] ./components/chat/notifications-panel.tsx:22:13
Error: Expected '</', got '{'
  20 |           {conversation.participants.length > 2 ? (
  21 |             <span className="w-2 h-2 rounded-full bg-accent-to mr-2"></span>
> 22 |             {conversation.name || "Group"}
     |             ^
  23 |           ) : (
  24 |             <Avatar name={conversation.participants[0] || "You"} className="w-3 h-3 mr-2" />
  25 |             {conversation.participants.length > 0 ? conversation.participants[0] : "No one"}

Parsing ecmascript source code failed

Import traces:
  Client Component Browser:
    ./components/chat/notifications-panel.tsx [Client Component Browser]
    ./app/chat/page.tsx [Client Component Browser]
    ./app/chat/page.tsx [Server Component]

  Client Component SSR:
    ./components/chat/notifications-panel.tsx [Client Component SSR]
    ./app/chat/page.tsx [Client Component SSR]
    ./app/chat/page.tsx [Server Component] @ http://localhost:3100/_next/static/chunks/node_modules_next_dist_1gdrd03._.js:1817
[  149450ms] [ERROR] ./components/feedback/toast-stack.tsx:4:1
Error: Export useToast doesn't exist in target module
  2 |
  3 | import { motion } from "framer-motion";
> 4 | import { useToast } from "@/store/toast-store";
    | ^^^^^^^^^^^^^^^^^^^^^^^^^^^^^^^^^^^^^^^^^^^^^^^
  5 |
  6 | export function ToastStack({ onOpenConversation }: { onOpenConversation: (id: string) => vo...
  7 |   const { toasts, addToast, removeToast } = useToast();

The export useToast was not found in module [project]/store/toast-store.ts [app-client] (ecmascript).
Did you mean to import useToastStore?
All exports of the module are statically known (It doesn't have dynamic exports). So it's known statically that the requested export doesn't exist.

Import traces:
  Client Component Browser:
    ./components/feedback/toast-stack.tsx [Client Component Browser]
    ./app/chat/page.tsx [Client Component Browser]
    ./app/chat/page.tsx [Server Component]

  Client Component SSR:
    ./components/feedback/toast-stack.tsx [Client Component SSR]
    ./app/chat/page.tsx [Client Component SSR]
    ./app/chat/page.tsx [Server Component] @ http://localhost:3100/_next/static/chunks/node_modules_next_dist_1gdrd03._.js:1817
[  149450ms] [ERROR] ./components/feedback/toast-stack.tsx:4:1
Error: Export useToast doesn't exist in target module
  2 |
  3 | import { motion } from "framer-motion";
> 4 | import { useToast } from "@/store/toast-store";
    | ^^^^^^^^^^^^^^^^^^^^^^^^^^^^^^^^^^^^^^^^^^^^^^^
  5 |
  6 | export function ToastStack({ onOpenConversation }: { onOpenConversation: (id: string) => vo...
  7 |   const { toasts, addToast, removeToast } = useToast();

The export useToast was not found in module [project]/store/toast-store.ts [app-ssr] (ecmascript).
Did you mean to import useToastStore?
All exports of the module are statically known (It doesn't have dynamic exports). So it's known statically that the requested export doesn't exist.

Import traces:
  Client Component Browser:
    ./components/feedback/toast-stack.tsx [Client Component Browser]
    ./app/chat/page.tsx [Client Component Browser]
    ./app/chat/page.tsx [Server Component]

  Client Component SSR:
    ./components/feedback/toast-stack.tsx [Client Component SSR]
    ./app/chat/page.tsx [Client Component SSR]
    ./app/chat/page.tsx [Server Component] @ http://localhost:3100/_next/static/chunks/node_modules_next_dist_1gdrd03._.js:1817
[  157960ms] [INFO] %cDownload the React DevTools for a better development experience: https://react.dev/link/react-devtools font-weight:bold @ http://localhost:3100/_next/static/chunks/node_modules_next_dist_1e8vcs8._.js:776
[  157985ms] [LOG] [HMR] connected @ http://localhost:3100/_next/static/chunks/node_modules_next_dist_1e8vcs8._.js:776
[  157996ms] [ERROR] ./components/chat/notifications-panel.tsx:22:13
Error: Expected '</', got '{'
  20 |           {conversation.participants.length > 2 ? (
  21 |             <span className="w-2 h-2 rounded-full bg-accent-to mr-2"></span>
> 22 |             {conversation.name || "Group"}
     |             ^
  23 |           ) : (
  24 |             <Avatar name={conversation.participants[0] || "You"} className="w-3 h-3 mr-2" />
  25 |             {conversation.participants.length > 0 ? conversation.participants[0] : "No one"}

Parsing ecmascript source code failed

Import traces:
  Client Component Browser:
    ./components/chat/notifications-panel.tsx [Client Component Browser]
    ./app/chat/page.tsx [Client Component Browser]
    ./app/chat/page.tsx [Server Component]

  Client Component SSR:
    ./components/chat/notifications-panel.tsx [Client Component SSR]
    ./app/chat/page.tsx [Client Component SSR]
    ./app/chat/page.tsx [Server Component] @ http://localhost:3100/_next/static/chunks/node_modules_next_dist_1e8vcs8._.js:1052
[  157997ms] [ERROR] ./components/feedback/toast-stack.tsx:4:1
Error: Export useToast doesn't exist in target module
  2 |
  3 | import { motion } from "framer-motion";
> 4 | import { useToast } from "@/store/toast-store";
    | ^^^^^^^^^^^^^^^^^^^^^^^^^^^^^^^^^^^^^^^^^^^^^^^
  5 |
  6 | export function ToastStack({ onOpenConversation }: { onOpenConversation: (id: string) => vo...
  7 |   const { toasts, addToast, removeToast } = useToast();

The export useToast was not found in module [project]/store/toast-store.ts [app-client] (ecmascript).
Did you mean to import useToastStore?
All exports of the module are statically known (It doesn't have dynamic exports). So it's known statically that the requested export doesn't exist.

Import traces:
  Client Component Browser:
    ./components/feedback/toast-stack.tsx [Client Component Browser]
    ./app/chat/page.tsx [Client Component Browser]
    ./app/chat/page.tsx [Server Component]

  Client Component SSR:
    ./components/feedback/toast-stack.tsx [Client Component SSR]
    ./app/chat/page.tsx [Client Component SSR]
    ./app/chat/page.tsx [Server Component] @ http://localhost:3100/_next/static/chunks/node_modules_next_dist_1e8vcs8._.js:1052
[  157997ms] [ERROR] ./components/feedback/toast-stack.tsx:4:1
Error: Export useToast doesn't exist in target module
  2 |
  3 | import { motion } from "framer-motion";
> 4 | import { useToast } from "@/store/toast-store";
    | ^^^^^^^^^^^^^^^^^^^^^^^^^^^^^^^^^^^^^^^^^^^^^^^
  5 |
  6 | export function ToastStack({ onOpenConversation }: { onOpenConversation: (id: string) => vo...
  7 |   const { toasts, addToast, removeToast } = useToast();

The export useToast was not found in module [project]/store/toast-store.ts [app-ssr] (ecmascript).
Did you mean to import useToastStore?
All exports of the module are statically known (It doesn't have dynamic exports). So it's known statically that the requested export doesn't exist.

Import traces:
  Client Component Browser:
    ./components/feedback/toast-stack.tsx [Client Component Browser]
    ./app/chat/page.tsx [Client Component Browser]
    ./app/chat/page.tsx [Server Component]

  Client Component SSR:
    ./components/feedback/toast-stack.tsx [Client Component SSR]
    ./app/chat/page.tsx [Client Component SSR]
    ./app/chat/page.tsx [Server Component] @ http://localhost:3100/_next/static/chunks/node_modules_next_dist_1e8vcs8._.js:1052
[  158075ms] [ERROR] A tree hydrated but some attributes of the server rendered HTML didn't match the client properties. This won't be patched up. This can happen if a SSR-ed Client Component used:

- A server/client branch `if (typeof window !== 'undefined')`.
- Variable input such as `Date.now()` or `Math.random()` which changes each time it's called.
- Date formatting in a user's locale which doesn't match the server.
- External changing data without sending a snapshot of it along with the HTML.
- Invalid HTML tag nesting.

It can also happen if the client has a browser extension installed which messes with the HTML before React loaded.

%s%s https://react.dev/link/hydration-mismatch 

  ...
    <HotReload globalError={[...]} webSocket={WebSocket} staticIndicatorState={{pathname:null, ...}}>
      <AppDevOverlayErrorBoundary globalError={[...]}>
        <ReplaySsrOnlyErrors>
        <DevRootHTTPAccessFallbackBoundary>
          <HTTPAccessFallbackBoundary notFound={<NotAllowedRootHTTPFallbackError>}>
            <HTTPAccessFallbackErrorBoundary pathname="/" notFound={<NotAllowedRootHTTPFallbackError>} ...>
              <RedirectBoundary>
                <RedirectErrorBoundary router={{...}}>
                  <Head>
                  <__next_root_layout_boundary__>
                    <SegmentViewNode type="layout" pagePath="layout.tsx">
                      <SegmentTrieNode>
                      <link>
                      <script>
                      <script>
                      <RootLayout>
                        <html lang="en" className="manrope_9f...">
                          <body
                            className="h-full flex flex-col overflow-hidden"
-                           style={{overflow-x:"hidden",overflow-y:"hidden"}}
                          >
                  ...
 @ http://localhost:3100/_next/static/chunks/node_modules_next_dist_1e8vcs8._.js:1052
[  158206ms] [LOG] [Fast Refresh] rebuilding @ http://localhost:3100/_next/static/chunks/node_modules_next_dist_1e8vcs8._.js:776
[  158248ms] [ERROR] ./components/chat/notifications-panel.tsx:22:13
Error: Expected '</', got '{'
  20 |           {conversation.participants.length > 2 ? (
  21 |             <span className="w-2 h-2 rounded-full bg-accent-to mr-2"></span>
> 22 |             {conversation.name || "Group"}
     |             ^
  23 |           ) : (
  24 |             <Avatar name={conversation.participants[0] || "You"} className="w-3 h-3 mr-2" />
  25 |             {conversation.participants.length > 0 ? conversation.participants[0] : "No one"}

Parsing ecmascript source code failed

Import traces:
  Client Component Browser:
    ./components/chat/notifications-panel.tsx [Client Component Browser]
    ./app/chat/page.tsx [Client Component Browser]
    ./app/chat/page.tsx [Server Component]

  Client Component SSR:
    ./components/chat/notifications-panel.tsx [Client Component SSR]
    ./app/chat/page.tsx [Client Component SSR]
    ./app/chat/page.tsx [Server Component] @ http://localhost:3100/_next/static/chunks/node_modules_next_dist_1e8vcs8._.js:1052
[  158249ms] [ERROR] ./components/feedback/toast-stack.tsx:4:1
Error: Export useToast doesn't exist in target module
  2 |
  3 | import { motion } from "framer-motion";
> 4 | import { useToast } from "@/store/toast-store";
    | ^^^^^^^^^^^^^^^^^^^^^^^^^^^^^^^^^^^^^^^^^^^^^^^
  5 |
  6 | export function ToastStack({ onOpenConversation }: { onOpenConversation: (id: string) => vo...
  7 |   const { toasts, addToast, removeToast } = useToast();

The export useToast was not found in module [project]/store/toast-store.ts [app-client] (ecmascript).
Did you mean to import useToastStore?
All exports of the module are statically known (It doesn't have dynamic exports). So it's known statically that the requested export doesn't exist.

Import traces:
  Client Component Browser:
    ./components/feedback/toast-stack.tsx [Client Component Browser]
    ./app/chat/page.tsx [Client Component Browser]
    ./app/chat/page.tsx [Server Component]

  Client Component SSR:
    ./components/feedback/toast-stack.tsx [Client Component SSR]
    ./app/chat/page.tsx [Client Component SSR]
    ./app/chat/page.tsx [Server Component] @ http://localhost:3100/_next/static/chunks/node_modules_next_dist_1e8vcs8._.js:1052
[  158249ms] [ERROR] ./components/feedback/toast-stack.tsx:4:1
Error: Export useToast doesn't exist in target module
  2 |
  3 | import { motion } from "framer-motion";
> 4 | import { useToast } from "@/store/toast-store";
    | ^^^^^^^^^^^^^^^^^^^^^^^^^^^^^^^^^^^^^^^^^^^^^^^
  5 |
  6 | export function ToastStack({ onOpenConversation }: { onOpenConversation: (id: string) => vo...
  7 |   const { toasts, addToast, removeToast } = useToast();

The export useToast was not found in module [project]/store/toast-store.ts [app-ssr] (ecmascript).
Did you mean to import useToastStore?
All exports of the module are statically known (It doesn't have dynamic exports). So it's known statically that the requested export doesn't exist.

Import traces:
  Client Component Browser:
    ./components/feedback/toast-stack.tsx [Client Component Browser]
    ./app/chat/page.tsx [Client Component Browser]
    ./app/chat/page.tsx [Server Component]

  Client Component SSR:
    ./components/feedback/toast-stack.tsx [Client Component SSR]
    ./app/chat/page.tsx [Client Component SSR]
    ./app/chat/page.tsx [Server Component] @ http://localhost:3100/_next/static/chunks/node_modules_next_dist_1e8vcs8._.js:1052
[  159576ms] [ERROR] Failed to load resource: the server responded with a status of 500 (Internal Server Error) @ http://localhost:3100/:0
[  159670ms] [INFO] %cDownload the React DevTools for a better development experience: https://react.dev/link/react-devtools font-weight:bold @ http://localhost:3100/_next/static/chunks/node_modules_react-dom_0kla17-._.js:15093
[  159689ms] Error: ./components/chat/notifications-panel.tsx:22:13
Error: Expected '</', got '{'
  20 |           {conversation.participants.length > 2 ? (
  21 |             <span className="w-2 h-2 rounded-full bg-accent-to mr-2"></span>
> 22 |             {conversation.name || "Group"}
     |             ^
  23 |           ) : (
  24 |             <Avatar name={conversation.participants[0] || "You"} className="w-3 h-3 mr-2" />
  25 |             {conversation.participants.length > 0 ? conversation.participants[0] : "No one"}

Parsing ecmascript source code failed

Import traces:
  Client Component Browser:
    ./components/chat/notifications-panel.tsx [Client Component Browser]
    ./app/chat/page.tsx [Client Component Browser]
    ./app/chat/page.tsx [Server Component]

  Client Component SSR:
    ./components/chat/notifications-panel.tsx [Client Component SSR]
    ./app/chat/page.tsx [Client Component SSR]
    ./app/chat/page.tsx [Server Component]


    at <unknown> (Error: ./components/chat/notifications-panel.tsx:22:13)
    at Object.getCompilationErrors (file:///media/shadhin/secandary/code/taghyeer-chatapp/node_modules/next/dist/server/dev/hot-reloader-turbopack.js:1417:59)
    at DevBundlerService.getCompilationError (file:///media/shadhin/secandary/code/taghyeer-chatapp/node_modules/next/dist/server/lib/dev-bundler-service.js:59:55)
    at DevServer.getCompilationError (file:///media/shadhin/secandary/code/taghyeer-chatapp/node_modules/next/dist/server/dev/next-dev-server.js:754:42)
    at DevServer.findPageComponents (file:///media/shadhin/secandary/code/taghyeer-chatapp/node_modules/next/dist/server/dev/next-dev-server.js:724:43)
    at async DevServer.renderErrorToResponseImpl (file:///media/shadhin/secandary/code/taghyeer-chatapp/node_modules/next/dist/server/base-server.js:1828:26)
[  159693ms] [LOG] [HMR] connected @ http://localhost:3100/_next/static/chunks/node_modules_next_dist_1gdrd03._.js:756
[  159708ms] [ERROR] ./components/chat/notifications-panel.tsx:22:13
Error: Expected '</', got '{'
  20 |           {conversation.participants.length > 2 ? (
  21 |             <span className="w-2 h-2 rounded-full bg-accent-to mr-2"></span>
> 22 |             {conversation.name || "Group"}
     |             ^
  23 |           ) : (
  24 |             <Avatar name={conversation.participants[0] || "You"} className="w-3 h-3 mr-2" />
  25 |             {conversation.participants.length > 0 ? conversation.participants[0] : "No one"}

Parsing ecmascript source code failed

Import traces:
  Client Component Browser:
    ./components/chat/notifications-panel.tsx [Client Component Browser]
    ./app/chat/page.tsx [Client Component Browser]
    ./app/chat/page.tsx [Server Component]

  Client Component SSR:
    ./components/chat/notifications-panel.tsx [Client Component SSR]
    ./app/chat/page.tsx [Client Component SSR]
    ./app/chat/page.tsx [Server Component] @ http://localhost:3100/_next/static/chunks/node_modules_next_dist_1gdrd03._.js:1817
[  159708ms] [ERROR] ./components/feedback/toast-stack.tsx:4:1
Error: Export useToast doesn't exist in target module
  2 |
  3 | import { motion } from "framer-motion";
> 4 | import { useToast } from "@/store/toast-store";
    | ^^^^^^^^^^^^^^^^^^^^^^^^^^^^^^^^^^^^^^^^^^^^^^^
  5 |
  6 | export function ToastStack({ onOpenConversation }: { onOpenConversation: (id: string) => vo...
  7 |   const { toasts, addToast, removeToast } = useToast();

The export useToast was not found in module [project]/store/toast-store.ts [app-client] (ecmascript).
Did you mean to import useToastStore?
All exports of the module are statically known (It doesn't have dynamic exports). So it's known statically that the requested export doesn't exist.

Import traces:
  Client Component Browser:
    ./components/feedback/toast-stack.tsx [Client Component Browser]
    ./app/chat/page.tsx [Client Component Browser]
    ./app/chat/page.tsx [Server Component]

  Client Component SSR:
    ./components/feedback/toast-stack.tsx [Client Component SSR]
    ./app/chat/page.tsx [Client Component SSR]
    ./app/chat/page.tsx [Server Component] @ http://localhost:3100/_next/static/chunks/node_modules_next_dist_1gdrd03._.js:1817
[  159709ms] [ERROR] ./components/feedback/toast-stack.tsx:4:1
Error: Export useToast doesn't exist in target module
  2 |
  3 | import { motion } from "framer-motion";
> 4 | import { useToast } from "@/store/toast-store";
    | ^^^^^^^^^^^^^^^^^^^^^^^^^^^^^^^^^^^^^^^^^^^^^^^
  5 |
  6 | export function ToastStack({ onOpenConversation }: { onOpenConversation: (id: string) => vo...
  7 |   const { toasts, addToast, removeToast } = useToast();

The export useToast was not found in module [project]/store/toast-store.ts [app-ssr] (ecmascript).
Did you mean to import useToastStore?
All exports of the module are statically known (It doesn't have dynamic exports). So it's known statically that the requested export doesn't exist.

Import traces:
  Client Component Browser:
    ./components/feedback/toast-stack.tsx [Client Component Browser]
    ./app/chat/page.tsx [Client Component Browser]
    ./app/chat/page.tsx [Server Component]

  Client Component SSR:
    ./components/feedback/toast-stack.tsx [Client Component SSR]
    ./app/chat/page.tsx [Client Component SSR]
    ./app/chat/page.tsx [Server Component] @ http://localhost:3100/_next/static/chunks/node_modules_next_dist_1gdrd03._.js:1817
[  159737ms] [ERROR] ./components/chat/notifications-panel.tsx:22:13
Error: Expected '</', got '{'
  20 |           {conversation.participants.length > 2 ? (
  21 |             <span className="w-2 h-2 rounded-full bg-accent-to mr-2"></span>
> 22 |             {conversation.name || "Group"}
     |             ^
  23 |           ) : (
  24 |             <Avatar name={conversation.participants[0] || "You"} className="w-3 h-3 mr-2" />
  25 |             {conversation.participants.length > 0 ? conversation.participants[0] : "No one"}

Parsing ecmascript source code failed

Import traces:
  Client Component Browser:
    ./components/chat/notifications-panel.tsx [Client Component Browser]
    ./app/chat/page.tsx [Client Component Browser]
    ./app/chat/page.tsx [Server Component]

  Client Component SSR:
    ./components/chat/notifications-panel.tsx [Client Component SSR]
    ./app/chat/page.tsx [Client Component SSR]
    ./app/chat/page.tsx [Server Component] @ http://localhost:3100/_next/static/chunks/node_modules_next_dist_1gdrd03._.js:1817
[  159738ms] [ERROR] ./components/feedback/toast-stack.tsx:4:1
Error: Export useToast doesn't exist in target module
  2 |
  3 | import { motion } from "framer-motion";
> 4 | import { useToast } from "@/store/toast-store";
    | ^^^^^^^^^^^^^^^^^^^^^^^^^^^^^^^^^^^^^^^^^^^^^^^
  5 |
  6 | export function ToastStack({ onOpenConversation }: { onOpenConversation: (id: string) => vo...
  7 |   const { toasts, addToast, removeToast } = useToast();

The export useToast was not found in module [project]/store/toast-store.ts [app-client] (ecmascript).
Did you mean to import useToastStore?
All exports of the module are statically known (It doesn't have dynamic exports). So it's known statically that the requested export doesn't exist.

Import traces:
  Client Component Browser:
    ./components/feedback/toast-stack.tsx [Client Component Browser]
    ./app/chat/page.tsx [Client Component Browser]
    ./app/chat/page.tsx [Server Component]

  Client Component SSR:
    ./components/feedback/toast-stack.tsx [Client Component SSR]
    ./app/chat/page.tsx [Client Component SSR]
    ./app/chat/page.tsx [Server Component] @ http://localhost:3100/_next/static/chunks/node_modules_next_dist_1gdrd03._.js:1817
[  159738ms] [ERROR] ./components/feedback/toast-stack.tsx:4:1
Error: Export useToast doesn't exist in target module
  2 |
  3 | import { motion } from "framer-motion";
> 4 | import { useToast } from "@/store/toast-store";
    | ^^^^^^^^^^^^^^^^^^^^^^^^^^^^^^^^^^^^^^^^^^^^^^^
  5 |
  6 | export function ToastStack({ onOpenConversation }: { onOpenConversation: (id: string) => vo...
  7 |   const { toasts, addToast, removeToast } = useToast();

The export useToast was not found in module [project]/store/toast-store.ts [app-ssr] (ecmascript).
Did you mean to import useToastStore?
All exports of the module are statically known (It doesn't have dynamic exports). So it's known statically that the requested export doesn't exist.

Import traces:
  Client Component Browser:
    ./components/feedback/toast-stack.tsx [Client Component Browser]
    ./app/chat/page.tsx [Client Component Browser]
    ./app/chat/page.tsx [Server Component]

  Client Component SSR:
    ./components/feedback/toast-stack.tsx [Client Component SSR]
    ./app/chat/page.tsx [Client Component SSR]
    ./app/chat/page.tsx [Server Component] @ http://localhost:3100/_next/static/chunks/node_modules_next_dist_1gdrd03._.js:1817
[  235755ms] [ERROR] ./components/chat/notifications-panel.tsx:22:13
Error: Expected '</', got '{'
  20 |           {conversation.participants.length > 2 ? (
  21 |             <span className="w-2 h-2 rounded-full bg-accent-to mr-2"></span>
> 22 |             {conversation.name || "Group"}
     |             ^
  23 |           ) : (
  24 |             <Avatar name={conversation.participants[0] || "You"} className="w-3 h-3 mr-2" />
  25 |             {conversation.participants.length > 0 ? conversation.participants[0] : "No one"}

Parsing ecmascript source code failed

Import traces:
  Client Component Browser:
    ./components/chat/notifications-panel.tsx [Client Component Browser]
    ./app/chat/page.tsx [Client Component Browser]
    ./app/chat/page.tsx [Server Component]

  Client Component SSR:
    ./components/chat/notifications-panel.tsx [Client Component SSR]
    ./app/chat/page.tsx [Client Component SSR]
    ./app/chat/page.tsx [Server Component] @ http://localhost:3100/_next/static/chunks/node_modules_next_dist_1gdrd03._.js:1817
[  235756ms] [ERROR] ./components/feedback/toast-stack.tsx:4:1
Error: Export useToast doesn't exist in target module
  2 |
  3 | import { motion } from "framer-motion";
> 4 | import { useToast } from "@/store/toast-store";
    | ^^^^^^^^^^^^^^^^^^^^^^^^^^^^^^^^^^^^^^^^^^^^^^^
  5 |
  6 | export function ToastStack({ onOpenConversation }: { onOpenConversation: (id: string) => vo...
  7 |   const { toasts, addToast, removeToast } = useToast();

The export useToast was not found in module [project]/store/toast-store.ts [app-client] (ecmascript).
Did you mean to import useToastStore?
All exports of the module are statically known (It doesn't have dynamic exports). So it's known statically that the requested export doesn't exist.

Import traces:
  Client Component Browser:
    ./components/feedback/toast-stack.tsx [Client Component Browser]
    ./app/chat/page.tsx [Client Component Browser]
    ./app/chat/page.tsx [Server Component]

  Client Component SSR:
    ./components/feedback/toast-stack.tsx [Client Component SSR]
    ./app/chat/page.tsx [Client Component SSR]
    ./app/chat/page.tsx [Server Component] @ http://localhost:3100/_next/static/chunks/node_modules_next_dist_1gdrd03._.js:1817
[  235756ms] [ERROR] ./components/feedback/toast-stack.tsx:4:1
Error: Export useToast doesn't exist in target module
  2 |
  3 | import { motion } from "framer-motion";
> 4 | import { useToast } from "@/store/toast-store";
    | ^^^^^^^^^^^^^^^^^^^^^^^^^^^^^^^^^^^^^^^^^^^^^^^
  5 |
  6 | export function ToastStack({ onOpenConversation }: { onOpenConversation: (id: string) => vo...
  7 |   const { toasts, addToast, removeToast } = useToast();

The export useToast was not found in module [project]/store/toast-store.ts [app-ssr] (ecmascript).
Did you mean to import useToastStore?
All exports of the module are statically known (It doesn't have dynamic exports). So it's known statically that the requested export doesn't exist.

Import traces:
  Client Component Browser:
    ./components/feedback/toast-stack.tsx [Client Component Browser]
    ./app/chat/page.tsx [Client Component Browser]
    ./app/chat/page.tsx [Server Component]

  Client Component SSR:
    ./components/feedback/toast-stack.tsx [Client Component SSR]
    ./app/chat/page.tsx [Client Component SSR]
    ./app/chat/page.tsx [Server Component] @ http://localhost:3100/_next/static/chunks/node_modules_next_dist_1gdrd03._.js:1817
[  235793ms] [LOG] [Fast Refresh] rebuilding @ http://localhost:3100/_next/static/chunks/node_modules_next_dist_1gdrd03._.js:756
[  247520ms] [LOG] [Fast Refresh] rebuilding @ http://localhost:3100/_next/static/chunks/node_modules_next_dist_1gdrd03._.js:756
[  247577ms] [ERROR] ./components/chat/notifications-panel.tsx:22:13
Error: Expected '</', got '{'
  20 |           {conversation.participants.length > 2 ? (
  21 |             <span className="w-2 h-2 rounded-full bg-accent-to mr-2"></span>
> 22 |             {conversation.name || "Group"}
     |             ^
  23 |           ) : (
  24 |             <Avatar name={conversation.participants[0] || "You"} className="w-3 h-3 mr-2" />
  25 |             {conversation.participants.length > 0 ? conversation.participants[0] : "No one"}

Parsing ecmascript source code failed

Import traces:
  Client Component Browser:
    ./components/chat/notifications-panel.tsx [Client Component Browser]
    ./app/chat/page.tsx [Client Component Browser]
    ./app/chat/page.tsx [Server Component]

  Client Component SSR:
    ./components/chat/notifications-panel.tsx [Client Component SSR]
    ./app/chat/page.tsx [Client Component SSR]
    ./app/chat/page.tsx [Server Component] @ http://localhost:3100/_next/static/chunks/node_modules_next_dist_1gdrd03._.js:1817
[  247577ms] [ERROR] ./components/feedback/toast-stack.tsx:4:1
Error: Export useToast doesn't exist in target module
  2 |
  3 | import { motion } from "framer-motion";
> 4 | import { useToast } from "@/store/toast-store";
    | ^^^^^^^^^^^^^^^^^^^^^^^^^^^^^^^^^^^^^^^^^^^^^^^
  5 |
  6 | export function ToastStack({ onOpenConversation }: { onOpenConversation: (id: string) => vo...
  7 |   const { toasts, addToast, removeToast } = useToast();

The export useToast was not found in module [project]/store/toast-store.ts [app-client] (ecmascript).
Did you mean to import useToastStore?
All exports of the module are statically known (It doesn't have dynamic exports). So it's known statically that the requested export doesn't exist.

Import traces:
  Client Component Browser:
    ./components/feedback/toast-stack.tsx [Client Component Browser]
    ./app/chat/page.tsx [Client Component Browser]
    ./app/chat/page.tsx [Server Component]

  Client Component SSR:
    ./components/feedback/toast-stack.tsx [Client Component SSR]
    ./app/chat/page.tsx [Client Component SSR]
    ./app/chat/page.tsx [Server Component] @ http://localhost:3100/_next/static/chunks/node_modules_next_dist_1gdrd03._.js:1817
[  247578ms] [ERROR] ./components/feedback/toast-stack.tsx:4:1
Error: Export useToast doesn't exist in target module
  2 |
  3 | import { motion } from "framer-motion";
> 4 | import { useToast } from "@/store/toast-store";
    | ^^^^^^^^^^^^^^^^^^^^^^^^^^^^^^^^^^^^^^^^^^^^^^^
  5 |
  6 | export function ToastStack({ onOpenConversation }: { onOpenConversation: (id: string) => vo...
  7 |   const { toasts, addToast, removeToast } = useToast();

The export useToast was not found in module [project]/store/toast-store.ts [app-ssr] (ecmascript).
Did you mean to import useToastStore?
All exports of the module are statically known (It doesn't have dynamic exports). So it's known statically that the requested export doesn't exist.

Import traces:
  Client Component Browser:
    ./components/feedback/toast-stack.tsx [Client Component Browser]
    ./app/chat/page.tsx [Client Component Browser]
    ./app/chat/page.tsx [Server Component]

  Client Component SSR:
    ./components/feedback/toast-stack.tsx [Client Component SSR]
    ./app/chat/page.tsx [Client Component SSR]
    ./app/chat/page.tsx [Server Component] @ http://localhost:3100/_next/static/chunks/node_modules_next_dist_1gdrd03._.js:1817
[  270414ms] [LOG] [Fast Refresh] rebuilding @ http://localhost:3100/_next/static/chunks/node_modules_next_dist_1gdrd03._.js:756
[  270508ms] [ERROR] ./components/chat/notifications-panel.tsx:22:13
Error: Expected '</', got '{'
  20 |           {conversation.participants.length > 2 ? (
  21 |             <span className="w-2 h-2 rounded-full bg-accent-to mr-2"></span>
> 22 |             {conversation.name || "Group"}
     |             ^
  23 |           ) : (
  24 |             <Avatar name={conversation.participants[0] || "You"} className="w-3 h-3 mr-2" />
  25 |             {conversation.participants.length > 0 ? conversation.participants[0] : "No one"}

Parsing ecmascript source code failed

Import traces:
  Client Component Browser:
    ./components/chat/notifications-panel.tsx [Client Component Browser]
    ./app/chat/page.tsx [Client Component Browser]
    ./app/chat/page.tsx [Server Component]

  Client Component SSR:
    ./components/chat/notifications-panel.tsx [Client Component SSR]
    ./app/chat/page.tsx [Client Component SSR]
    ./app/chat/page.tsx [Server Component] @ http://localhost:3100/_next/static/chunks/node_modules_next_dist_1gdrd03._.js:1817
[  270508ms] [ERROR] ./components/feedback/toast-stack.tsx:4:1
Error: Export useToast doesn't exist in target module
  2 |
  3 | import { motion } from "framer-motion";
> 4 | import { useToast } from "@/store/toast-store";
    | ^^^^^^^^^^^^^^^^^^^^^^^^^^^^^^^^^^^^^^^^^^^^^^^
  5 |
  6 | export function ToastStack({ onOpenConversation }: { onOpenConversation: (id: string) => vo...
  7 |   const { toasts, addToast, removeToast } = useToast();

The export useToast was not found in module [project]/store/toast-store.ts [app-client] (ecmascript).
Did you mean to import useToastStore?
All exports of the module are statically known (It doesn't have dynamic exports). So it's known statically that the requested export doesn't exist.

Import traces:
  Client Component Browser:
    ./components/feedback/toast-stack.tsx [Client Component Browser]
    ./app/chat/page.tsx [Client Component Browser]
    ./app/chat/page.tsx [Server Component]

  Client Component SSR:
    ./components/feedback/toast-stack.tsx [Client Component SSR]
    ./app/chat/page.tsx [Client Component SSR]
    ./app/chat/page.tsx [Server Component] @ http://localhost:3100/_next/static/chunks/node_modules_next_dist_1gdrd03._.js:1817
[  270508ms] [ERROR] ./components/feedback/toast-stack.tsx:4:1
Error: Export useToast doesn't exist in target module
  2 |
  3 | import { motion } from "framer-motion";
> 4 | import { useToast } from "@/store/toast-store";
    | ^^^^^^^^^^^^^^^^^^^^^^^^^^^^^^^^^^^^^^^^^^^^^^^
  5 |
  6 | export function ToastStack({ onOpenConversation }: { onOpenConversation: (id: string) => vo...
  7 |   const { toasts, addToast, removeToast } = useToast();

The export useToast was not found in module [project]/store/toast-store.ts [app-ssr] (ecmascript).
Did you mean to import useToastStore?
All exports of the module are statically known (It doesn't have dynamic exports). So it's known statically that the requested export doesn't exist.

Import traces:
  Client Component Browser:
    ./components/feedback/toast-stack.tsx [Client Component Browser]
    ./app/chat/page.tsx [Client Component Browser]
    ./app/chat/page.tsx [Server Component]

  Client Component SSR:
    ./components/feedback/toast-stack.tsx [Client Component SSR]
    ./app/chat/page.tsx [Client Component SSR]
    ./app/chat/page.tsx [Server Component] @ http://localhost:3100/_next/static/chunks/node_modules_next_dist_1gdrd03._.js:1817
[  279777ms] [ERROR] ./components/feedback/toast-stack.tsx:4:1
Error: Export useToast doesn't exist in target module
  2 |
  3 | import { motion } from "framer-motion";
> 4 | import { useToast } from "@/store/toast-store";
    | ^^^^^^^^^^^^^^^^^^^^^^^^^^^^^^^^^^^^^^^^^^^^^^^
  5 |
  6 | export function ToastStack({ onOpenConversation }: { onOpenConversation: (id: string) => vo...
  7 |   const { toasts, addToast, removeToast } = useToast();

The export useToast was not found in module [project]/store/toast-store.ts [app-client] (ecmascript).
Did you mean to import useToastStore?
All exports of the module are statically known (It doesn't have dynamic exports). So it's known statically that the requested export doesn't exist.

Import traces:
  Client Component Browser:
    ./components/feedback/toast-stack.tsx [Client Component Browser]
    ./app/chat/page.tsx [Client Component Browser]
    ./app/chat/page.tsx [Server Component]

  Client Component SSR:
    ./components/feedback/toast-stack.tsx [Client Component SSR]
    ./app/chat/page.tsx [Client Component SSR]
    ./app/chat/page.tsx [Server Component] @ http://localhost:3100/_next/static/chunks/node_modules_next_dist_1gdrd03._.js:1817
[  279777ms] [ERROR] ./components/feedback/toast-stack.tsx:4:1
Error: Export useToast doesn't exist in target module
  2 |
  3 | import { motion } from "framer-motion";
> 4 | import { useToast } from "@/store/toast-store";
    | ^^^^^^^^^^^^^^^^^^^^^^^^^^^^^^^^^^^^^^^^^^^^^^^
  5 |
  6 | export function ToastStack({ onOpenConversation }: { onOpenConversation: (id: string) => vo...
  7 |   const { toasts, addToast, removeToast } = useToast();

The export useToast was not found in module [project]/store/toast-store.ts [app-ssr] (ecmascript).
Did you mean to import useToastStore?
All exports of the module are statically known (It doesn't have dynamic exports). So it's known statically that the requested export doesn't exist.

Import traces:
  Client Component Browser:
    ./components/feedback/toast-stack.tsx [Client Component Browser]
    ./app/chat/page.tsx [Client Component Browser]
    ./app/chat/page.tsx [Server Component]

  Client Component SSR:
    ./components/feedback/toast-stack.tsx [Client Component SSR]
    ./app/chat/page.tsx [Client Component SSR]
    ./app/chat/page.tsx [Server Component] @ http://localhost:3100/_next/static/chunks/node_modules_next_dist_1gdrd03._.js:1817
[  279854ms] [LOG] [Fast Refresh] rebuilding @ http://localhost:3100/_next/static/chunks/node_modules_next_dist_1gdrd03._.js:756
[  284976ms] [ERROR] ./components/feedback/toast-stack.tsx:4:1
Error: Export useToast doesn't exist in target module
  2 |
  3 | import { motion } from "framer-motion";
> 4 | import { useToast } from "@/store/toast-store";
    | ^^^^^^^^^^^^^^^^^^^^^^^^^^^^^^^^^^^^^^^^^^^^^^^
  5 |
  6 | export function ToastStack({ onOpenConversation }: { onOpenConversation: (id: string) => vo...
  7 |   const { toasts, addToast, removeToast } = useToast();

The export useToast was not found in module [project]/store/toast-store.ts [app-client] (ecmascript).
Did you mean to import useToastStore?
All exports of the module are statically known (It doesn't have dynamic exports). So it's known statically that the requested export doesn't exist.

Import traces:
  Client Component Browser:
    ./components/feedback/toast-stack.tsx [Client Component Browser]
    ./app/chat/page.tsx [Client Component Browser]
    ./app/chat/page.tsx [Server Component]

  Client Component SSR:
    ./components/feedback/toast-stack.tsx [Client Component SSR]
    ./app/chat/page.tsx [Client Component SSR]
    ./app/chat/page.tsx [Server Component] @ http://localhost:3100/_next/static/chunks/node_modules_next_dist_1gdrd03._.js:1817
[  284976ms] [ERROR] ./components/feedback/toast-stack.tsx:4:1
Error: Export useToast doesn't exist in target module
  2 |
  3 | import { motion } from "framer-motion";
> 4 | import { useToast } from "@/store/toast-store";
    | ^^^^^^^^^^^^^^^^^^^^^^^^^^^^^^^^^^^^^^^^^^^^^^^
  5 |
  6 | export function ToastStack({ onOpenConversation }: { onOpenConversation: (id: string) => vo...
  7 |   const { toasts, addToast, removeToast } = useToast();

The export useToast was not found in module [project]/store/toast-store.ts [app-ssr] (ecmascript).
Did you mean to import useToastStore?
All exports of the module are statically known (It doesn't have dynamic exports). So it's known statically that the requested export doesn't exist.

Import traces:
  Client Component Browser:
    ./components/feedback/toast-stack.tsx [Client Component Browser]
    ./app/chat/page.tsx [Client Component Browser]
    ./app/chat/page.tsx [Server Component]

  Client Component SSR:
    ./components/feedback/toast-stack.tsx [Client Component SSR]
    ./app/chat/page.tsx [Client Component SSR]
    ./app/chat/page.tsx [Server Component] @ http://localhost:3100/_next/static/chunks/node_modules_next_dist_1gdrd03._.js:1817
[  285031ms] [LOG] [Fast Refresh] rebuilding @ http://localhost:3100/_next/static/chunks/node_modules_next_dist_1gdrd03._.js:756
[  305131ms] [ERROR] ./components/feedback/toast-stack.tsx:4:1
Error: Export useToast doesn't exist in target module
  2 |
  3 | import { motion } from "framer-motion";
> 4 | import { useToast } from "@/store/toast-store";
    | ^^^^^^^^^^^^^^^^^^^^^^^^^^^^^^^^^^^^^^^^^^^^^^^
  5 |
  6 | export function ToastStack({ onOpenConversation }: { onOpenConversation: (id: string) => vo...
  7 |   const { toasts, addToast, removeToast } = useToast();

The export useToast was not found in module [project]/store/toast-store.ts [app-client] (ecmascript).
Did you mean to import useToastStore?
All exports of the module are statically known (It doesn't have dynamic exports). So it's known statically that the requested export doesn't exist.

Import traces:
  Client Component Browser:
    ./components/feedback/toast-stack.tsx [Client Component Browser]
    ./app/chat/page.tsx [Client Component Browser]
    ./app/chat/page.tsx [Server Component]

  Client Component SSR:
    ./components/feedback/toast-stack.tsx [Client Component SSR]
    ./app/chat/page.tsx [Client Component SSR]
    ./app/chat/page.tsx [Server Component] @ http://localhost:3100/_next/static/chunks/node_modules_next_dist_1gdrd03._.js:1817
[  305132ms] [ERROR] ./components/feedback/toast-stack.tsx:4:1
Error: Export useToast doesn't exist in target module
  2 |
  3 | import { motion } from "framer-motion";
> 4 | import { useToast } from "@/store/toast-store";
    | ^^^^^^^^^^^^^^^^^^^^^^^^^^^^^^^^^^^^^^^^^^^^^^^
  5 |
  6 | export function ToastStack({ onOpenConversation }: { onOpenConversation: (id: string) => vo...
  7 |   const { toasts, addToast, removeToast } = useToast();

The export useToast was not found in module [project]/store/toast-store.ts [app-ssr] (ecmascript).
Did you mean to import useToastStore?
All exports of the module are statically known (It doesn't have dynamic exports). So it's known statically that the requested export doesn't exist.

Import traces:
  Client Component Browser:
    ./components/feedback/toast-stack.tsx [Client Component Browser]
    ./app/chat/page.tsx [Client Component Browser]
    ./app/chat/page.tsx [Server Component]

  Client Component SSR:
    ./components/feedback/toast-stack.tsx [Client Component SSR]
    ./app/chat/page.tsx [Client Component SSR]
    ./app/chat/page.tsx [Server Component] @ http://localhost:3100/_next/static/chunks/node_modules_next_dist_1gdrd03._.js:1817
[  305210ms] [ERROR] ./components/feedback/toast-stack.tsx:4:1
Error: Export useToast doesn't exist in target module
  2 |
  3 | import { motion } from "framer-motion";
> 4 | import { useToast } from "@/store/toast-store";
    | ^^^^^^^^^^^^^^^^^^^^^^^^^^^^^^^^^^^^^^^^^^^^^^^
  5 |
  6 | export function ToastStack({ onOpenConversation }: { onOpenConversation: (id: string) => vo...
  7 |   const { toasts, addToast, removeToast } = useToast();

The export useToast was not found in module [project]/store/toast-store.ts [app-client] (ecmascript).
Did you mean to import useToastStore?
All exports of the module are statically known (It doesn't have dynamic exports). So it's known statically that the requested export doesn't exist.

Import traces:
  Client Component Browser:
    ./components/feedback/toast-stack.tsx [Client Component Browser]
    ./app/chat/page.tsx [Client Component Browser]
    ./app/chat/page.tsx [Server Component]

  Client Component SSR:
    ./components/feedback/toast-stack.tsx [Client Component SSR]
    ./app/chat/page.tsx [Client Component SSR]
    ./app/chat/page.tsx [Server Component] @ http://localhost:3100/_next/static/chunks/node_modules_next_dist_1gdrd03._.js:1817
[  305210ms] [ERROR] ./components/feedback/toast-stack.tsx:4:1
Error: Export useToast doesn't exist in target module
  2 |
  3 | import { motion } from "framer-motion";
> 4 | import { useToast } from "@/store/toast-store";
    | ^^^^^^^^^^^^^^^^^^^^^^^^^^^^^^^^^^^^^^^^^^^^^^^
  5 |
  6 | export function ToastStack({ onOpenConversation }: { onOpenConversation: (id: string) => vo...
  7 |   const { toasts, addToast, removeToast } = useToast();

The export useToast was not found in module [project]/store/toast-store.ts [app-ssr] (ecmascript).
Did you mean to import useToastStore?
All exports of the module are statically known (It doesn't have dynamic exports). So it's known statically that the requested export doesn't exist.

Import traces:
  Client Component Browser:
    ./components/feedback/toast-stack.tsx [Client Component Browser]
    ./app/chat/page.tsx [Client Component Browser]
    ./app/chat/page.tsx [Server Component]

  Client Component SSR:
    ./components/feedback/toast-stack.tsx [Client Component SSR]
    ./app/chat/page.tsx [Client Component SSR]
    ./app/chat/page.tsx [Server Component] @ http://localhost:3100/_next/static/chunks/node_modules_next_dist_1gdrd03._.js:1817
[  315220ms] [ERROR] ./components/feedback/toast-stack.tsx:4:1
Error: Export useToast doesn't exist in target module
  2 |
  3 | import { motion } from "framer-motion";
> 4 | import { useToast } from "@/store/toast-store";
    | ^^^^^^^^^^^^^^^^^^^^^^^^^^^^^^^^^^^^^^^^^^^^^^^
  5 |
  6 | export function ToastStack({ onOpenConversation }: { onOpenConversation: (id: string) => vo...
  7 |   const { toasts, addToast, removeToast } = useToast();

The export useToast was not found in module [project]/store/toast-store.ts [app-client] (ecmascript).
Did you mean to import useToastStore?
All exports of the module are statically known (It doesn't have dynamic exports). So it's known statically that the requested export doesn't exist.

Import traces:
  Client Component Browser:
    ./components/feedback/toast-stack.tsx [Client Component Browser]
    ./app/chat/page.tsx [Client Component Browser]
    ./app/chat/page.tsx [Server Component]

  Client Component SSR:
    ./components/feedback/toast-stack.tsx [Client Component SSR]
    ./app/chat/page.tsx [Client Component SSR]
    ./app/chat/page.tsx [Server Component] @ http://localhost:3100/_next/static/chunks/node_modules_next_dist_1gdrd03._.js:1817
[  315220ms] [ERROR] ./components/feedback/toast-stack.tsx:4:1
Error: Export useToast doesn't exist in target module
  2 |
  3 | import { motion } from "framer-motion";
> 4 | import { useToast } from "@/store/toast-store";
    | ^^^^^^^^^^^^^^^^^^^^^^^^^^^^^^^^^^^^^^^^^^^^^^^
  5 |
  6 | export function ToastStack({ onOpenConversation }: { onOpenConversation: (id: string) => vo...
  7 |   const { toasts, addToast, removeToast } = useToast();

The export useToast was not found in module [project]/store/toast-store.ts [app-ssr] (ecmascript).
Did you mean to import useToastStore?
All exports of the module are statically known (It doesn't have dynamic exports). So it's known statically that the requested export doesn't exist.

Import traces:
  Client Component Browser:
    ./components/feedback/toast-stack.tsx [Client Component Browser]
    ./app/chat/page.tsx [Client Component Browser]
    ./app/chat/page.tsx [Server Component]

  Client Component SSR:
    ./components/feedback/toast-stack.tsx [Client Component SSR]
    ./app/chat/page.tsx [Client Component SSR]
    ./app/chat/page.tsx [Server Component] @ http://localhost:3100/_next/static/chunks/node_modules_next_dist_1gdrd03._.js:1817
[  315291ms] [LOG] [Fast Refresh] rebuilding @ http://localhost:3100/_next/static/chunks/node_modules_next_dist_1gdrd03._.js:756
[  326055ms] [ERROR] ./components/feedback/toast-stack.tsx:4:1
Error: Export useToast doesn't exist in target module
  2 |
  3 | import { motion } from "framer-motion";
> 4 | import { useToast } from "@/store/toast-store";
    | ^^^^^^^^^^^^^^^^^^^^^^^^^^^^^^^^^^^^^^^^^^^^^^^
  5 |
  6 | export function ToastStack({ onOpenConversation }: { onOpenConversation: (id: string) => vo...
  7 |   const { toasts, addToast, removeToast } = useToast();

The export useToast was not found in module [project]/store/toast-store.ts [app-client] (ecmascript).
Did you mean to import useToastStore?
All exports of the module are statically known (It doesn't have dynamic exports). So it's known statically that the requested export doesn't exist.

Import traces:
  Client Component Browser:
    ./components/feedback/toast-stack.tsx [Client Component Browser]
    ./app/chat/page.tsx [Client Component Browser]
    ./app/chat/page.tsx [Server Component]

  Client Component SSR:
    ./components/feedback/toast-stack.tsx [Client Component SSR]
    ./app/chat/page.tsx [Client Component SSR]
    ./app/chat/page.tsx [Server Component] @ http://localhost:3100/_next/static/chunks/node_modules_next_dist_1gdrd03._.js:1817
[  326055ms] [ERROR] ./components/feedback/toast-stack.tsx:4:1
Error: Export useToast doesn't exist in target module
  2 |
  3 | import { motion } from "framer-motion";
> 4 | import { useToast } from "@/store/toast-store";
    | ^^^^^^^^^^^^^^^^^^^^^^^^^^^^^^^^^^^^^^^^^^^^^^^
  5 |
  6 | export function ToastStack({ onOpenConversation }: { onOpenConversation: (id: string) => vo...
  7 |   const { toasts, addToast, removeToast } = useToast();

The export useToast was not found in module [project]/store/toast-store.ts [app-ssr] (ecmascript).
Did you mean to import useToastStore?
All exports of the module are statically known (It doesn't have dynamic exports). So it's known statically that the requested export doesn't exist.

Import traces:
  Client Component Browser:
    ./components/feedback/toast-stack.tsx [Client Component Browser]
    ./app/chat/page.tsx [Client Component Browser]
    ./app/chat/page.tsx [Server Component]

  Client Component SSR:
    ./components/feedback/toast-stack.tsx [Client Component SSR]
    ./app/chat/page.tsx [Client Component SSR]
    ./app/chat/page.tsx [Server Component] @ http://localhost:3100/_next/static/chunks/node_modules_next_dist_1gdrd03._.js:1817
[  326124ms] [LOG] [Fast Refresh] rebuilding @ http://localhost:3100/_next/static/chunks/node_modules_next_dist_1gdrd03._.js:756
[  336042ms] [ERROR] ./components/feedback/toast-stack.tsx:4:1
Error: Export useToast doesn't exist in target module
  2 |
  3 | import { motion } from "framer-motion";
> 4 | import { useToast } from "@/store/toast-store";
    | ^^^^^^^^^^^^^^^^^^^^^^^^^^^^^^^^^^^^^^^^^^^^^^^
  5 |
  6 | export function ToastStack({ onOpenConversation }: { onOpenConversation: (id: string) => vo...
  7 |   const { toasts, addToast, removeToast } = useToast();

The export useToast was not found in module [project]/store/toast-store.ts [app-client] (ecmascript).
Did you mean to import useToastStore?
All exports of the module are statically known (It doesn't have dynamic exports). So it's known statically that the requested export doesn't exist.

Import traces:
  Client Component Browser:
    ./components/feedback/toast-stack.tsx [Client Component Browser]
    ./app/chat/page.tsx [Client Component Browser]
    ./app/chat/page.tsx [Server Component]

  Client Component SSR:
    ./components/feedback/toast-stack.tsx [Client Component SSR]
    ./app/chat/page.tsx [Client Component SSR]
    ./app/chat/page.tsx [Server Component] @ http://localhost:3100/_next/static/chunks/node_modules_next_dist_1gdrd03._.js:1817
[  336042ms] [ERROR] ./components/feedback/toast-stack.tsx:4:1
Error: Export useToast doesn't exist in target module
  2 |
  3 | import { motion } from "framer-motion";
> 4 | import { useToast } from "@/store/toast-store";
    | ^^^^^^^^^^^^^^^^^^^^^^^^^^^^^^^^^^^^^^^^^^^^^^^
  5 |
  6 | export function ToastStack({ onOpenConversation }: { onOpenConversation: (id: string) => vo...
  7 |   const { toasts, addToast, removeToast } = useToast();

The export useToast was not found in module [project]/store/toast-store.ts [app-ssr] (ecmascript).
Did you mean to import useToastStore?
All exports of the module are statically known (It doesn't have dynamic exports). So it's known statically that the requested export doesn't exist.

Import traces:
  Client Component Browser:
    ./components/feedback/toast-stack.tsx [Client Component Browser]
    ./app/chat/page.tsx [Client Component Browser]
    ./app/chat/page.tsx [Server Component]

  Client Component SSR:
    ./components/feedback/toast-stack.tsx [Client Component SSR]
    ./app/chat/page.tsx [Client Component SSR]
    ./app/chat/page.tsx [Server Component] @ http://localhost:3100/_next/static/chunks/node_modules_next_dist_1gdrd03._.js:1817
[  336115ms] [LOG] [Fast Refresh] rebuilding @ http://localhost:3100/_next/static/chunks/node_modules_next_dist_1gdrd03._.js:756
[  355735ms] [LOG] [Fast Refresh] rebuilding @ http://localhost:3100/_next/static/chunks/node_modules_next_dist_1gdrd03._.js:756
[  355747ms] [ERROR] ./components/feedback/toast-stack.tsx:4:1
Error: Export useToast doesn't exist in target module
  2 |
  3 | import { motion } from "framer-motion";
> 4 | import { useToast } from "@/store/toast-store";
    | ^^^^^^^^^^^^^^^^^^^^^^^^^^^^^^^^^^^^^^^^^^^^^^^
  5 |
  6 | export function ToastStack({ onOpenConversation }: { onOpenConversation: (id: string) => vo...
  7 |   const { toasts, addToast, removeToast } = useToast();

The export useToast was not found in module [project]/store/toast-store.ts [app-client] (ecmascript).
Did you mean to import useToastStore?
All exports of the module are statically known (It doesn't have dynamic exports). So it's known statically that the requested export doesn't exist.

Import traces:
  Client Component Browser:
    ./components/feedback/toast-stack.tsx [Client Component Browser]
    ./app/chat/page.tsx [Client Component Browser]
    ./app/chat/page.tsx [Server Component]

  Client Component SSR:
    ./components/feedback/toast-stack.tsx [Client Component SSR]
    ./app/chat/page.tsx [Client Component SSR]
    ./app/chat/page.tsx [Server Component] @ http://localhost:3100/_next/static/chunks/node_modules_next_dist_1gdrd03._.js:1817
[  355748ms] [ERROR] ./components/feedback/toast-stack.tsx:4:1
Error: Export useToast doesn't exist in target module
  2 |
  3 | import { motion } from "framer-motion";
> 4 | import { useToast } from "@/store/toast-store";
    | ^^^^^^^^^^^^^^^^^^^^^^^^^^^^^^^^^^^^^^^^^^^^^^^
  5 |
  6 | export function ToastStack({ onOpenConversation }: { onOpenConversation: (id: string) => vo...
  7 |   const { toasts, addToast, removeToast } = useToast();

The export useToast was not found in module [project]/store/toast-store.ts [app-ssr] (ecmascript).
Did you mean to import useToastStore?
All exports of the module are statically known (It doesn't have dynamic exports). So it's known statically that the requested export doesn't exist.

Import traces:
  Client Component Browser:
    ./components/feedback/toast-stack.tsx [Client Component Browser]
    ./app/chat/page.tsx [Client Component Browser]
    ./app/chat/page.tsx [Server Component]

  Client Component SSR:
    ./components/feedback/toast-stack.tsx [Client Component SSR]
    ./app/chat/page.tsx [Client Component SSR]
    ./app/chat/page.tsx [Server Component] @ http://localhost:3100/_next/static/chunks/node_modules_next_dist_1gdrd03._.js:1817
[  378674ms] [LOG] [Fast Refresh] rebuilding @ http://localhost:3100/_next/static/chunks/node_modules_next_dist_1gdrd03._.js:756
[  379033ms] [ERROR] ./components/feedback/toast-stack.tsx:4:1
Error: Export useToast doesn't exist in target module
  2 |
  3 | import { motion } from "framer-motion";
> 4 | import { useToast } from "@/store/toast-store";
    | ^^^^^^^^^^^^^^^^^^^^^^^^^^^^^^^^^^^^^^^^^^^^^^^
  5 |
  6 | export function ToastStack({ onOpenConversation }: { onOpenConversation: (id: string) => vo...
  7 |   const { toasts, addToast, removeToast } = useToast();

The export useToast was not found in module [project]/store/toast-store.ts [app-client] (ecmascript).
Did you mean to import useToastStore?
All exports of the module are statically known (It doesn't have dynamic exports). So it's known statically that the requested export doesn't exist.

Import traces:
  Client Component Browser:
    ./components/feedback/toast-stack.tsx [Client Component Browser]
    ./app/chat/page.tsx [Client Component Browser]
    ./app/chat/page.tsx [Server Component]

  Client Component SSR:
    ./components/feedback/toast-stack.tsx [Client Component SSR]
    ./app/chat/page.tsx [Client Component SSR]
    ./app/chat/page.tsx [Server Component] @ http://localhost:3100/_next/static/chunks/node_modules_next_dist_1gdrd03._.js:1817
[  379041ms] [ERROR] ./components/feedback/toast-stack.tsx:4:1
Error: Export useToast doesn't exist in target module
  2 |
  3 | import { motion } from "framer-motion";
> 4 | import { useToast } from "@/store/toast-store";
    | ^^^^^^^^^^^^^^^^^^^^^^^^^^^^^^^^^^^^^^^^^^^^^^^
  5 |
  6 | export function ToastStack({ onOpenConversation }: { onOpenConversation: (id: string) => vo...
  7 |   const { toasts, addToast, removeToast } = useToast();

The export useToast was not found in module [project]/store/toast-store.ts [app-ssr] (ecmascript).
Did you mean to import useToastStore?
All exports of the module are statically known (It doesn't have dynamic exports). So it's known statically that the requested export doesn't exist.

Import traces:
  Client Component Browser:
    ./components/feedback/toast-stack.tsx [Client Component Browser]
    ./app/chat/page.tsx [Client Component Browser]
    ./app/chat/page.tsx [Server Component]

  Client Component SSR:
    ./components/feedback/toast-stack.tsx [Client Component SSR]
    ./app/chat/page.tsx [Client Component SSR]
    ./app/chat/page.tsx [Server Component] @ http://localhost:3100/_next/static/chunks/node_modules_next_dist_1gdrd03._.js:1817
[  396894ms] [LOG] [Fast Refresh] rebuilding @ http://localhost:3100/_next/static/chunks/node_modules_next_dist_1gdrd03._.js:756
[  397514ms] [ERROR] ./components/feedback/toast-stack.tsx:4:1
Error: Export useToast doesn't exist in target module
  2 |
  3 | import { motion } from "framer-motion";
> 4 | import { useToast } from "@/store/toast-store";
    | ^^^^^^^^^^^^^^^^^^^^^^^^^^^^^^^^^^^^^^^^^^^^^^^
  5 |
  6 | export function ToastStack({ onOpenConversation }: { onOpenConversation: (id: string) => vo...
  7 |   const { toasts, addToast, removeToast } = useToast();

The export useToast was not found in module [project]/store/toast-store.ts [app-client] (ecmascript).
Did you mean to import useToastStore?
All exports of the module are statically known (It doesn't have dynamic exports). So it's known statically that the requested export doesn't exist.

Import traces:
  Client Component Browser:
    ./components/feedback/toast-stack.tsx [Client Component Browser]
    ./app/chat/page.tsx [Client Component Browser]
    ./app/chat/page.tsx [Server Component]

  Client Component SSR:
    ./components/feedback/toast-stack.tsx [Client Component SSR]
    ./app/chat/page.tsx [Client Component SSR]
    ./app/chat/page.tsx [Server Component] @ http://localhost:3100/_next/static/chunks/node_modules_next_dist_1gdrd03._.js:1817
[  397516ms] [ERROR] ./components/feedback/toast-stack.tsx:4:1
Error: Export useToast doesn't exist in target module
  2 |
  3 | import { motion } from "framer-motion";
> 4 | import { useToast } from "@/store/toast-store";
    | ^^^^^^^^^^^^^^^^^^^^^^^^^^^^^^^^^^^^^^^^^^^^^^^
  5 |
  6 | export function ToastStack({ onOpenConversation }: { onOpenConversation: (id: string) => vo...
  7 |   const { toasts, addToast, removeToast } = useToast();

The export useToast was not found in module [project]/store/toast-store.ts [app-ssr] (ecmascript).
Did you mean to import useToastStore?
All exports of the module are statically known (It doesn't have dynamic exports). So it's known statically that the requested export doesn't exist.

Import traces:
  Client Component Browser:
    ./components/feedback/toast-stack.tsx [Client Component Browser]
    ./app/chat/page.tsx [Client Component Browser]
    ./app/chat/page.tsx [Server Component]

  Client Component SSR:
    ./components/feedback/toast-stack.tsx [Client Component SSR]
    ./app/chat/page.tsx [Client Component SSR]
    ./app/chat/page.tsx [Server Component] @ http://localhost:3100/_next/static/chunks/node_modules_next_dist_1gdrd03._.js:1817
[  412477ms] [LOG] [Fast Refresh] rebuilding @ http://localhost:3100/_next/static/chunks/node_modules_next_dist_1gdrd03._.js:756
[  412561ms] [ERROR] ./components/feedback/toast-stack.tsx:4:1
Error: Export useToast doesn't exist in target module
  2 |
  3 | import { motion } from "framer-motion";
> 4 | import { useToast } from "@/store/toast-store";
    | ^^^^^^^^^^^^^^^^^^^^^^^^^^^^^^^^^^^^^^^^^^^^^^^
  5 |
  6 | export function ToastStack({ onOpenConversation }: { onOpenConversation: (id: string) => vo...
  7 |   const { toasts, addToast, removeToast } = useToast();

The export useToast was not found in module [project]/store/toast-store.ts [app-client] (ecmascript).
Did you mean to import useToastStore?
All exports of the module are statically known (It doesn't have dynamic exports). So it's known statically that the requested export doesn't exist.

Import traces:
  Client Component Browser:
    ./components/feedback/toast-stack.tsx [Client Component Browser]
    ./app/chat/page.tsx [Client Component Browser]
    ./app/chat/page.tsx [Server Component]

  Client Component SSR:
    ./components/feedback/toast-stack.tsx [Client Component SSR]
    ./app/chat/page.tsx [Client Component SSR]
    ./app/chat/page.tsx [Server Component] @ http://localhost:3100/_next/static/chunks/node_modules_next_dist_1gdrd03._.js:1817
[  412561ms] [ERROR] ./components/feedback/toast-stack.tsx:4:1
Error: Export useToast doesn't exist in target module
  2 |
  3 | import { motion } from "framer-motion";
> 4 | import { useToast } from "@/store/toast-store";
    | ^^^^^^^^^^^^^^^^^^^^^^^^^^^^^^^^^^^^^^^^^^^^^^^
  5 |
  6 | export function ToastStack({ onOpenConversation }: { onOpenConversation: (id: string) => vo...
  7 |   const { toasts, addToast, removeToast } = useToast();

The export useToast was not found in module [project]/store/toast-store.ts [app-ssr] (ecmascript).
Did you mean to import useToastStore?
All exports of the module are statically known (It doesn't have dynamic exports). So it's known statically that the requested export doesn't exist.

Import traces:
  Client Component Browser:
    ./components/feedback/toast-stack.tsx [Client Component Browser]
    ./app/chat/page.tsx [Client Component Browser]
    ./app/chat/page.tsx [Server Component]

  Client Component SSR:
    ./components/feedback/toast-stack.tsx [Client Component SSR]
    ./app/chat/page.tsx [Client Component SSR]
    ./app/chat/page.tsx [Server Component] @ http://localhost:3100/_next/static/chunks/node_modules_next_dist_1gdrd03._.js:1817
[  418807ms] [ERROR] ./components/feedback/toast-stack.tsx:4:1
Error: Export useToast doesn't exist in target module
  2 |
  3 | import { motion } from "framer-motion";
> 4 | import { useToast } from "@/store/toast-store";
    | ^^^^^^^^^^^^^^^^^^^^^^^^^^^^^^^^^^^^^^^^^^^^^^^
  5 |
  6 | export function ToastStack({ onOpenConversation }: { onOpenConversation: (id: string) => vo...
  7 |   const { toasts, addToast, removeToast } = useToast();

The export useToast was not found in module [project]/store/toast-store.ts [app-client] (ecmascript).
Did you mean to import useToastStore?
All exports of the module are statically known (It doesn't have dynamic exports). So it's known statically that the requested export doesn't exist.

Import traces:
  Client Component Browser:
    ./components/feedback/toast-stack.tsx [Client Component Browser]
    ./app/chat/page.tsx [Client Component Browser]
    ./app/chat/page.tsx [Server Component]

  Client Component SSR:
    ./components/feedback/toast-stack.tsx [Client Component SSR]
    ./app/chat/page.tsx [Client Component SSR]
    ./app/chat/page.tsx [Server Component] @ http://localhost:3100/_next/static/chunks/node_modules_next_dist_1gdrd03._.js:1817
[  418807ms] [ERROR] ./components/feedback/toast-stack.tsx:4:1
Error: Export useToast doesn't exist in target module
  2 |
  3 | import { motion } from "framer-motion";
> 4 | import { useToast } from "@/store/toast-store";
    | ^^^^^^^^^^^^^^^^^^^^^^^^^^^^^^^^^^^^^^^^^^^^^^^
  5 |
  6 | export function ToastStack({ onOpenConversation }: { onOpenConversation: (id: string) => vo...
  7 |   const { toasts, addToast, removeToast } = useToast();

The export useToast was not found in module [project]/store/toast-store.ts [app-ssr] (ecmascript).
Did you mean to import useToastStore?
All exports of the module are statically known (It doesn't have dynamic exports). So it's known statically that the requested export doesn't exist.

Import traces:
  Client Component Browser:
    ./components/feedback/toast-stack.tsx [Client Component Browser]
    ./app/chat/page.tsx [Client Component Browser]
    ./app/chat/page.tsx [Server Component]

  Client Component SSR:
    ./components/feedback/toast-stack.tsx [Client Component SSR]
    ./app/chat/page.tsx [Client Component SSR]
    ./app/chat/page.tsx [Server Component] @ http://localhost:3100/_next/static/chunks/node_modules_next_dist_1gdrd03._.js:1817
[  419009ms] [LOG] [Fast Refresh] rebuilding @ http://localhost:3100/_next/static/chunks/node_modules_next_dist_1gdrd03._.js:756
[  419407ms] [ERROR] ./components/feedback/toast-stack.tsx:4:1
Error: Export useToast doesn't exist in target module
  2 |
  3 | import { motion } from "framer-motion";
> 4 | import { useToast } from "@/store/toast-store";
    | ^^^^^^^^^^^^^^^^^^^^^^^^^^^^^^^^^^^^^^^^^^^^^^^
  5 |
  6 | export function ToastStack({ onOpenConversation }: { onOpenConversation: (id: string) => vo...
  7 |   const { toasts, addToast, removeToast } = useToast();

The export useToast was not found in module [project]/store/toast-store.ts [app-client] (ecmascript).
Did you mean to import useToastStore?
All exports of the module are statically known (It doesn't have dynamic exports). So it's known statically that the requested export doesn't exist.

Import traces:
  Client Component Browser:
    ./components/feedback/toast-stack.tsx [Client Component Browser]
    ./app/chat/page.tsx [Client Component Browser]
    ./app/chat/page.tsx [Server Component]

  Client Component SSR:
    ./components/feedback/toast-stack.tsx [Client Component SSR]
    ./app/chat/page.tsx [Client Component SSR]
    ./app/chat/page.tsx [Server Component] @ http://localhost:3100/_next/static/chunks/node_modules_next_dist_1gdrd03._.js:1817
[  419407ms] [ERROR] ./components/feedback/toast-stack.tsx:4:1
Error: Export useToast doesn't exist in target module
  2 |
  3 | import { motion } from "framer-motion";
> 4 | import { useToast } from "@/store/toast-store";
    | ^^^^^^^^^^^^^^^^^^^^^^^^^^^^^^^^^^^^^^^^^^^^^^^
  5 |
  6 | export function ToastStack({ onOpenConversation }: { onOpenConversation: (id: string) => vo...
  7 |   const { toasts, addToast, removeToast } = useToast();

The export useToast was not found in module [project]/store/toast-store.ts [app-ssr] (ecmascript).
Did you mean to import useToastStore?
All exports of the module are statically known (It doesn't have dynamic exports). So it's known statically that the requested export doesn't exist.

Import traces:
  Client Component Browser:
    ./components/feedback/toast-stack.tsx [Client Component Browser]
    ./app/chat/page.tsx [Client Component Browser]
    ./app/chat/page.tsx [Server Component]

  Client Component SSR:
    ./components/feedback/toast-stack.tsx [Client Component SSR]
    ./app/chat/page.tsx [Client Component SSR]
    ./app/chat/page.tsx [Server Component] @ http://localhost:3100/_next/static/chunks/node_modules_next_dist_1gdrd03._.js:1817
[  429133ms] [LOG] [Fast Refresh] rebuilding @ http://localhost:3100/_next/static/chunks/node_modules_next_dist_1gdrd03._.js:756
[  429192ms] [LOG] [Fast Refresh] done in 109ms @ http://localhost:3100/_next/static/chunks/node_modules_next_dist_1gdrd03._.js:756
[  429346ms] [INFO] %cDownload the React DevTools for a better development experience: https://react.dev/link/react-devtools font-weight:bold @ http://localhost:3100/_next/static/chunks/node_modules_next_dist_1e8vcs8._.js:776
[  429365ms] [LOG] [HMR] connected @ http://localhost:3100/_next/static/chunks/node_modules_next_dist_1e8vcs8._.js:776
[  436880ms] [LOG] [Fast Refresh] rebuilding @ http://localhost:3100/_next/static/chunks/node_modules_next_dist_1e8vcs8._.js:776
[  436933ms] [LOG] [Fast Refresh] done in 63ms @ http://localhost:3100/_next/static/chunks/node_modules_next_dist_1e8vcs8._.js:776
[  561904ms] [LOG] [Fast Refresh] rebuilding @ http://localhost:3100/_next/static/chunks/node_modules_next_dist_1e8vcs8._.js:776
[  561956ms] [LOG] [Fast Refresh] done in 20ms @ http://localhost:3100/_next/static/chunks/node_modules_next_dist_1e8vcs8._.js:776
